15:51:10 **** Incremental Build of configuration Debug for project RoboTrack ****
Info: Internal Builder is used for build
arm-atollic-eabi-gcc -c -mthumb -mcpu=cortex-m3 -std=gnu90 -DSTM32F10X_HD -DUSE_STDPERIPH_DRIVER -I../src -I../inc -I..\Libraries\STM32F10x_StdPeriph_Driver\inc -I..\Libraries\CMSIS\Device\ST\STM32F10x\Include -I..\Libraries\CMSIS\Include -O0 -ffunction-sections -fdata-sections -g -Wall -o src\main.o ..\src\main.c 
arm-atollic-eabi-gcc src\wdg.o src\tiny_printf.o src\system_stm32f10x.o src\syscalls.o src\startup_stm32f10x_hd.o src\main.o src\drv_uart.o src\drv_system.o src\drv_spi.o src\delay.o Libraries\STM32F10x_StdPeriph_Driver\src\stm32f10x_wwdg.o Libraries\STM32F10x_StdPeriph_Driver\src\stm32f10x_usart.o Libraries\STM32F10x_StdPeriph_Driver\src\stm32f10x_tim.o Libraries\STM32F10x_StdPeriph_Driver\src\stm32f10x_spi.o Libraries\STM32F10x_StdPeriph_Driver\src\stm32f10x_sdio.o Libraries\STM32F10x_StdPeriph_Driver\src\stm32f10x_rtc.o Libraries\STM32F10x_StdPeriph_Driver\src\stm32f10x_rcc.o Libraries\STM32F10x_StdPeriph_Driver\src\stm32f10x_pwr.o Libraries\STM32F10x_StdPeriph_Driver\src\stm32f10x_iwdg.o Libraries\STM32F10x_StdPeriph_Driver\src\stm32f10x_i2c.o Libraries\STM32F10x_StdPeriph_Driver\src\stm32f10x_gpio.o Libraries\STM32F10x_StdPeriph_Driver\src\stm32f10x_fsmc.o Libraries\STM32F10x_StdPeriph_Driver\src\stm32f10x_flash.o Libraries\STM32F10x_StdPeriph_Driver\src\stm32f10x_exti.o Libraries\STM32F10x_StdPeriph_Driver\src\stm32f10x_dma.o Libraries\STM32F10x_StdPeriph_Driver\src\stm32f10x_dbgmcu.o Libraries\STM32F10x_StdPeriph_Driver\src\stm32f10x_dac.o Libraries\STM32F10x_StdPeriph_Driver\src\stm32f10x_crc.o Libraries\STM32F10x_StdPeriph_Driver\src\stm32f10x_cec.o Libraries\STM32F10x_StdPeriph_Driver\src\stm32f10x_can.o Libraries\STM32F10x_StdPeriph_Driver\src\stm32f10x_bkp.o Libraries\STM32F10x_StdPeriph_Driver\src\stm32f10x_adc.o Libraries\STM32F10x_StdPeriph_Driver\src\misc.o -o RoboTrack.elf -mthumb -mcpu=cortex-m3 -T..\stm32_flash.ld -Wl,--start-group -lc_s -lm -Wl,--end-group -static -Wl,-cref,-u,Reset_Handler -Wl,-Map=RoboTrack.map -Wl,--gc-sections -Wl,--defsym=malloc_getpagesize_P=0x1000 
C:\Program Files\Atollic\TrueSTUDIO for ARM Lite 4.3.1\ide\jre\bin\java -jar C:\Program Files\Atollic\TrueSTUDIO for ARM Lite 4.3.1\Tools\arm-atollic-reports.jar sizeinfo RoboTrack.elf 
Generate build reports...
Print size information
   text	   data	    bss	    dec	    hex	filename
   7400	     32	    568	   8000	   1f40	RoboTrack.elf
Print size information done
Generate build reports done
Info: Nothing to build for RoboTrack
16:12:56 **** Incremental Build of configuration Debug for project RoboTrack ****
Info: Internal Builder is used for build
arm-atollic-eabi-gcc -c -mthumb -mcpu=cortex-m3 -std=gnu90 -DSTM32F10X_HD -DUSE_STDPERIPH_DRIVER -I../src -I../inc -I..\Libraries\STM32F10x_StdPeriph_Driver\inc -I..\Libraries\CMSIS\Device\ST\STM32F10x\Include -I..\Libraries\CMSIS\Include -O0 -ffunction-sections -fdata-sections -g -Wall -o src\main.o ..\src\main.c 
arm-atollic-eabi-gcc src\wdg.o src\tiny_printf.o src\system_stm32f10x.o src\syscalls.o src\startup_stm32f10x_hd.o src\main.o src\drv_uart.o src\drv_system.o src\drv_spi.o src\delay.o Libraries\STM32F10x_StdPeriph_Driver\src\stm32f10x_wwdg.o Libraries\STM32F10x_StdPeriph_Driver\src\stm32f10x_usart.o Libraries\STM32F10x_StdPeriph_Driver\src\stm32f10x_tim.o Libraries\STM32F10x_StdPeriph_Driver\src\stm32f10x_spi.o Libraries\STM32F10x_StdPeriph_Driver\src\stm32f10x_sdio.o Libraries\STM32F10x_StdPeriph_Driver\src\stm32f10x_rtc.o Libraries\STM32F10x_StdPeriph_Driver\src\stm32f10x_rcc.o Libraries\STM32F10x_StdPeriph_Driver\src\stm32f10x_pwr.o Libraries\STM32F10x_StdPeriph_Driver\src\stm32f10x_iwdg.o Libraries\STM32F10x_StdPeriph_Driver\src\stm32f10x_i2c.o Libraries\STM32F10x_StdPeriph_Driver\src\stm32f10x_gpio.o Libraries\STM32F10x_StdPeriph_Driver\src\stm32f10x_fsmc.o Libraries\STM32F10x_StdPeriph_Driver\src\stm32f10x_flash.o Libraries\STM32F10x_StdPeriph_Driver\src\stm32f10x_exti.o Libraries\STM32F10x_StdPeriph_Driver\src\stm32f10x_dma.o Libraries\STM32F10x_StdPeriph_Driver\src\stm32f10x_dbgmcu.o Libraries\STM32F10x_StdPeriph_Driver\src\stm32f10x_dac.o Libraries\STM32F10x_StdPeriph_Driver\src\stm32f10x_crc.o Libraries\STM32F10x_StdPeriph_Driver\src\stm32f10x_cec.o Libraries\STM32F10x_StdPeriph_Driver\src\stm32f10x_can.o Libraries\STM32F10x_StdPeriph_Driver\src\stm32f10x_bkp.o Libraries\STM32F10x_StdPeriph_Driver\src\stm32f10x_adc.o Libraries\STM32F10x_StdPeriph_Driver\src\misc.o -o RoboTrack.elf -mthumb -mcpu=cortex-m3 -T..\stm32_flash.ld -Wl,--start-group -lc_s -lm -Wl,--end-group -static -Wl,-cref,-u,Reset_Handler -Wl,-Map=RoboTrack.map -Wl,--gc-sections -Wl,--defsym=malloc_getpagesize_P=0x1000 
C:\Program Files\Atollic\TrueSTUDIO for ARM Lite 4.3.1\ide\jre\bin\java -jar C:\Program Files\Atollic\TrueSTUDIO for ARM Lite 4.3.1\Tools\arm-atollic-reports.jar sizeinfo RoboTrack.elf 
Generate build reports...
Print size information
   text	   data	    bss	    dec	    hex	filename
   7400	     32	    568	   8000	   1f40	RoboTrack.elf
Print size information done
Generate build reports done
16:15:15 **** Incremental Build of configuration Debug for project RoboTrack ****
Info: Internal Builder is used for build
arm-atollic-eabi-gcc -c -mthumb -mcpu=cortex-m3 -std=gnu90 -DSTM32F10X_HD -DUSE_STDPERIPH_DRIVER -I../src -I../inc -I..\Libraries\STM32F10x_StdPeriph_Driver\inc -I..\Libraries\CMSIS\Device\ST\STM32F10x\Include -I..\Libraries\CMSIS\Include -O0 -ffunction-sections -fdata-sections -g -Wall -o src\main.o ..\src\main.c 
arm-atollic-eabi-gcc src\wdg.o src\tiny_printf.o src\system_stm32f10x.o src\syscalls.o src\startup_stm32f10x_hd.o src\main.o src\drv_uart.o src\drv_system.o src\drv_spi.o src\delay.o Libraries\STM32F10x_StdPeriph_Driver\src\stm32f10x_wwdg.o Libraries\STM32F10x_StdPeriph_Driver\src\stm32f10x_usart.o Libraries\STM32F10x_StdPeriph_Driver\src\stm32f10x_tim.o Libraries\STM32F10x_StdPeriph_Driver\src\stm32f10x_spi.o Libraries\STM32F10x_StdPeriph_Driver\src\stm32f10x_sdio.o Libraries\STM32F10x_StdPeriph_Driver\src\stm32f10x_rtc.o Libraries\STM32F10x_StdPeriph_Driver\src\stm32f10x_rcc.o Libraries\STM32F10x_StdPeriph_Driver\src\stm32f10x_pwr.o Libraries\STM32F10x_StdPeriph_Driver\src\stm32f10x_iwdg.o Libraries\STM32F10x_StdPeriph_Driver\src\stm32f10x_i2c.o Libraries\STM32F10x_StdPeriph_Driver\src\stm32f10x_gpio.o Libraries\STM32F10x_StdPeriph_Driver\src\stm32f10x_fsmc.o Libraries\STM32F10x_StdPeriph_Driver\src\stm32f10x_flash.o Libraries\STM32F10x_StdPeriph_Driver\src\stm32f10x_exti.o Libraries\STM32F10x_StdPeriph_Driver\src\stm32f10x_dma.o Libraries\STM32F10x_StdPeriph_Driver\src\stm32f10x_dbgmcu.o Libraries\STM32F10x_StdPeriph_Driver\src\stm32f10x_dac.o Libraries\STM32F10x_StdPeriph_Driver\src\stm32f10x_crc.o Libraries\STM32F10x_StdPeriph_Driver\src\stm32f10x_cec.o Libraries\STM32F10x_StdPeriph_Driver\src\stm32f10x_can.o Libraries\STM32F10x_StdPeriph_Driver\src\stm32f10x_bkp.o Libraries\STM32F10x_StdPeriph_Driver\src\stm32f10x_adc.o Libraries\STM32F10x_StdPeriph_Driver\src\misc.o -o RoboTrack.elf -mthumb -mcpu=cortex-m3 -T..\stm32_flash.ld -Wl,--start-group -lc_s -lm -Wl,--end-group -static -Wl,-cref,-u,Reset_Handler -Wl,-Map=RoboTrack.map -Wl,--gc-sections -Wl,--defsym=malloc_getpagesize_P=0x1000 
src\main.o: In function `hwInit':
E:\project\robot\source\RoboTrack_workspace\RoboTrack\Debug/..\src/main.c:68: undefined reference to `i2c_OLED_init'
collect2.exe: error: ld returned 1 exit status
16:17:28 **** Incremental Build of configuration Debug for project RoboTrack ****
Info: Internal Builder is used for build
arm-atollic-eabi-gcc -c -mthumb -mcpu=cortex-m3 -std=gnu90 -DSTM32F10X_HD -DUSE_STDPERIPH_DRIVER -I../src -I../inc -I..\Libraries\STM32F10x_StdPeriph_Driver\inc -I..\Libraries\CMSIS\Device\ST\STM32F10x\Include -I..\Libraries\CMSIS\Include -O0 -ffunction-sections -fdata-sections -g -Wall -o src\main.o ..\src\main.c 
..\src\main.c:31:2: error: invalid preprocessing directive #defined
16:17:46 **** Incremental Build of configuration Debug for project RoboTrack ****
Info: Internal Builder is used for build
arm-atollic-eabi-gcc -c -mthumb -mcpu=cortex-m3 -std=gnu90 -DSTM32F10X_HD -DUSE_STDPERIPH_DRIVER -I../src -I../inc -I..\Libraries\STM32F10x_StdPeriph_Driver\inc -I..\Libraries\CMSIS\Device\ST\STM32F10x\Include -I..\Libraries\CMSIS\Include -O0 -ffunction-sections -fdata-sections -g -Wall -o src\main.o ..\src\main.c 
arm-atollic-eabi-gcc src\wdg.o src\tiny_printf.o src\system_stm32f10x.o src\syscalls.o src\startup_stm32f10x_hd.o src\main.o src\drv_uart.o src\drv_system.o src\drv_spi.o src\delay.o Libraries\STM32F10x_StdPeriph_Driver\src\stm32f10x_wwdg.o Libraries\STM32F10x_StdPeriph_Driver\src\stm32f10x_usart.o Libraries\STM32F10x_StdPeriph_Driver\src\stm32f10x_tim.o Libraries\STM32F10x_StdPeriph_Driver\src\stm32f10x_spi.o Libraries\STM32F10x_StdPeriph_Driver\src\stm32f10x_sdio.o Libraries\STM32F10x_StdPeriph_Driver\src\stm32f10x_rtc.o Libraries\STM32F10x_StdPeriph_Driver\src\stm32f10x_rcc.o Libraries\STM32F10x_StdPeriph_Driver\src\stm32f10x_pwr.o Libraries\STM32F10x_StdPeriph_Driver\src\stm32f10x_iwdg.o Libraries\STM32F10x_StdPeriph_Driver\src\stm32f10x_i2c.o Libraries\STM32F10x_StdPeriph_Driver\src\stm32f10x_gpio.o Libraries\STM32F10x_StdPeriph_Driver\src\stm32f10x_fsmc.o Libraries\STM32F10x_StdPeriph_Driver\src\stm32f10x_flash.o Libraries\STM32F10x_StdPeriph_Driver\src\stm32f10x_exti.o Libraries\STM32F10x_StdPeriph_Driver\src\stm32f10x_dma.o Libraries\STM32F10x_StdPeriph_Driver\src\stm32f10x_dbgmcu.o Libraries\STM32F10x_StdPeriph_Driver\src\stm32f10x_dac.o Libraries\STM32F10x_StdPeriph_Driver\src\stm32f10x_crc.o Libraries\STM32F10x_StdPeriph_Driver\src\stm32f10x_cec.o Libraries\STM32F10x_StdPeriph_Driver\src\stm32f10x_can.o Libraries\STM32F10x_StdPeriph_Driver\src\stm32f10x_bkp.o Libraries\STM32F10x_StdPeriph_Driver\src\stm32f10x_adc.o Libraries\STM32F10x_StdPeriph_Driver\src\misc.o -o RoboTrack.elf -mthumb -mcpu=cortex-m3 -T..\stm32_flash.ld -Wl,--start-group -lc_s -lm -Wl,--end-group -static -Wl,-cref,-u,Reset_Handler -Wl,-Map=RoboTrack.map -Wl,--gc-sections -Wl,--defsym=malloc_getpagesize_P=0x1000 
src\main.o: In function `hwInit':
E:\project\robot\source\RoboTrack_workspace\RoboTrack\Debug/..\src/main.c:69: undefined reference to `i2c_OLED_init'
collect2.exe: error: ld returned 1 exit status
16:19:15 **** Incremental Build of configuration Debug for project RoboTrack ****
Info: Internal Builder is used for build
arm-atollic-eabi-gcc -c -mthumb -mcpu=cortex-m3 -std=gnu90 -DSTM32F10X_HD -DUSE_STDPERIPH_DRIVER -I../src -I../inc -I..\Libraries\STM32F10x_StdPeriph_Driver\inc -I..\Libraries\CMSIS\Device\ST\STM32F10x\Include -I..\Libraries\CMSIS\Include -O0 -ffunction-sections -fdata-sections -g -Wall -o src\main.o ..\src\main.c 
arm-atollic-eabi-gcc src\wdg.o src\tiny_printf.o src\system_stm32f10x.o src\syscalls.o src\startup_stm32f10x_hd.o src\main.o src\drv_uart.o src\drv_system.o src\drv_spi.o src\delay.o Libraries\STM32F10x_StdPeriph_Driver\src\stm32f10x_wwdg.o Libraries\STM32F10x_StdPeriph_Driver\src\stm32f10x_usart.o Libraries\STM32F10x_StdPeriph_Driver\src\stm32f10x_tim.o Libraries\STM32F10x_StdPeriph_Driver\src\stm32f10x_spi.o Libraries\STM32F10x_StdPeriph_Driver\src\stm32f10x_sdio.o Libraries\STM32F10x_StdPeriph_Driver\src\stm32f10x_rtc.o Libraries\STM32F10x_StdPeriph_Driver\src\stm32f10x_rcc.o Libraries\STM32F10x_StdPeriph_Driver\src\stm32f10x_pwr.o Libraries\STM32F10x_StdPeriph_Driver\src\stm32f10x_iwdg.o Libraries\STM32F10x_StdPeriph_Driver\src\stm32f10x_i2c.o Libraries\STM32F10x_StdPeriph_Driver\src\stm32f10x_gpio.o Libraries\STM32F10x_StdPeriph_Driver\src\stm32f10x_fsmc.o Libraries\STM32F10x_StdPeriph_Driver\src\stm32f10x_flash.o Libraries\STM32F10x_StdPeriph_Driver\src\stm32f10x_exti.o Libraries\STM32F10x_StdPeriph_Driver\src\stm32f10x_dma.o Libraries\STM32F10x_StdPeriph_Driver\src\stm32f10x_dbgmcu.o Libraries\STM32F10x_StdPeriph_Driver\src\stm32f10x_dac.o Libraries\STM32F10x_StdPeriph_Driver\src\stm32f10x_crc.o Libraries\STM32F10x_StdPeriph_Driver\src\stm32f10x_cec.o Libraries\STM32F10x_StdPeriph_Driver\src\stm32f10x_can.o Libraries\STM32F10x_StdPeriph_Driver\src\stm32f10x_bkp.o Libraries\STM32F10x_StdPeriph_Driver\src\stm32f10x_adc.o Libraries\STM32F10x_StdPeriph_Driver\src\misc.o -o RoboTrack.elf -mthumb -mcpu=cortex-m3 -T..\stm32_flash.ld -Wl,--start-group -lc_s -lm -Wl,--end-group -static -Wl,-cref,-u,Reset_Handler -Wl,-Map=RoboTrack.map -Wl,--gc-sections -Wl,--defsym=malloc_getpagesize_P=0x1000 
src\main.o: In function `hwInit':
E:\project\robot\source\RoboTrack_workspace\RoboTrack\Debug/..\src/main.c:69: undefined reference to `i2c_OLED_init'
collect2.exe: error: ld returned 1 exit status
16:20:05 **** Incremental Build of configuration Debug for project RoboTrack ****
Info: Internal Builder is used for build
arm-atollic-eabi-gcc -c -mthumb -mcpu=cortex-m3 -std=gnu90 -DSTM32F10X_HD -DUSE_STDPERIPH_DRIVER -I../src -I../inc -I..\Libraries\STM32F10x_StdPeriph_Driver\inc -I..\Libraries\CMSIS\Device\ST\STM32F10x\Include -I..\Libraries\CMSIS\Include -O0 -ffunction-sections -fdata-sections -g -Wall -o src\main.o ..\src\main.c 
arm-atollic-eabi-gcc src\wdg.o src\tiny_printf.o src\system_stm32f10x.o src\syscalls.o src\startup_stm32f10x_hd.o src\main.o src\drv_uart.o src\drv_system.o src\drv_spi.o src\delay.o Libraries\STM32F10x_StdPeriph_Driver\src\stm32f10x_wwdg.o Libraries\STM32F10x_StdPeriph_Driver\src\stm32f10x_usart.o Libraries\STM32F10x_StdPeriph_Driver\src\stm32f10x_tim.o Libraries\STM32F10x_StdPeriph_Driver\src\stm32f10x_spi.o Libraries\STM32F10x_StdPeriph_Driver\src\stm32f10x_sdio.o Libraries\STM32F10x_StdPeriph_Driver\src\stm32f10x_rtc.o Libraries\STM32F10x_StdPeriph_Driver\src\stm32f10x_rcc.o Libraries\STM32F10x_StdPeriph_Driver\src\stm32f10x_pwr.o Libraries\STM32F10x_StdPeriph_Driver\src\stm32f10x_iwdg.o Libraries\STM32F10x_StdPeriph_Driver\src\stm32f10x_i2c.o Libraries\STM32F10x_StdPeriph_Driver\src\stm32f10x_gpio.o Libraries\STM32F10x_StdPeriph_Driver\src\stm32f10x_fsmc.o Libraries\STM32F10x_StdPeriph_Driver\src\stm32f10x_flash.o Libraries\STM32F10x_StdPeriph_Driver\src\stm32f10x_exti.o Libraries\STM32F10x_StdPeriph_Driver\src\stm32f10x_dma.o Libraries\STM32F10x_StdPeriph_Driver\src\stm32f10x_dbgmcu.o Libraries\STM32F10x_StdPeriph_Driver\src\stm32f10x_dac.o Libraries\STM32F10x_StdPeriph_Driver\src\stm32f10x_crc.o Libraries\STM32F10x_StdPeriph_Driver\src\stm32f10x_cec.o Libraries\STM32F10x_StdPeriph_Driver\src\stm32f10x_can.o Libraries\STM32F10x_StdPeriph_Driver\src\stm32f10x_bkp.o Libraries\STM32F10x_StdPeriph_Driver\src\stm32f10x_adc.o Libraries\STM32F10x_StdPeriph_Driver\src\misc.o -o RoboTrack.elf -mthumb -mcpu=cortex-m3 -T..\stm32_flash.ld -Wl,--start-group -lc_s -lm -Wl,--end-group -static -Wl,-cref,-u,Reset_Handler -Wl,-Map=RoboTrack.map -Wl,--gc-sections -Wl,--defsym=malloc_getpagesize_P=0x1000 
src\main.o: In function `hwInit':
E:\project\robot\source\RoboTrack_workspace\RoboTrack\Debug/..\src/main.c:69: undefined reference to `i2c_OLED_init'
collect2.exe: error: ld returned 1 exit status
16:20:22 **** Incremental Build of configuration Debug for project RoboTrack ****
Info: Internal Builder is used for build
arm-atollic-eabi-gcc -c -mthumb -mcpu=cortex-m3 -std=gnu90 -DSTM32F10X_HD -DUSE_STDPERIPH_DRIVER -I../src -I../inc -I..\Libraries\STM32F10x_StdPeriph_Driver\inc -I..\Libraries\CMSIS\Device\ST\STM32F10x\Include -I..\Libraries\CMSIS\Include -O0 -ffunction-sections -fdata-sections -g -Wall -o src\drv_uart.o ..\src\drv_uart.c 
arm-atollic-eabi-gcc -c -mthumb -mcpu=cortex-m3 -std=gnu90 -DSTM32F10X_HD -DUSE_STDPERIPH_DRIVER -I../src -I../inc -I..\Libraries\STM32F10x_StdPeriph_Driver\inc -I..\Libraries\CMSIS\Device\ST\STM32F10x\Include -I..\Libraries\CMSIS\Include -O0 -ffunction-sections -fdata-sections -g -Wall -o src\delay.o ..\src\delay.c 
arm-atollic-eabi-gcc -c -mthumb -mcpu=cortex-m3 -std=gnu90 -DSTM32F10X_HD -DUSE_STDPERIPH_DRIVER -I../src -I../inc -I..\Libraries\STM32F10x_StdPeriph_Driver\inc -I..\Libraries\CMSIS\Device\ST\STM32F10x\Include -I..\Libraries\CMSIS\Include -O0 -ffunction-sections -fdata-sections -g -Wall -o src\drv_system.o ..\src\drv_system.c 
arm-atollic-eabi-gcc -c -mthumb -mcpu=cortex-m3 -std=gnu90 -DSTM32F10X_HD -DUSE_STDPERIPH_DRIVER -I../src -I../inc -I..\Libraries\STM32F10x_StdPeriph_Driver\inc -I..\Libraries\CMSIS\Device\ST\STM32F10x\Include -I..\Libraries\CMSIS\Include -O0 -ffunction-sections -fdata-sections -g -Wall -o src\wdg.o ..\src\wdg.c 
arm-atollic-eabi-gcc -c -mthumb -mcpu=cortex-m3 -std=gnu90 -DSTM32F10X_HD -DUSE_STDPERIPH_DRIVER -I../src -I../inc -I..\Libraries\STM32F10x_StdPeriph_Driver\inc -I..\Libraries\CMSIS\Device\ST\STM32F10x\Include -I..\Libraries\CMSIS\Include -O0 -ffunction-sections -fdata-sections -g -Wall -o src\main.o ..\src\main.c 
arm-atollic-eabi-gcc -c -mthumb -mcpu=cortex-m3 -std=gnu90 -DSTM32F10X_HD -DUSE_STDPERIPH_DRIVER -I../src -I../inc -I..\Libraries\STM32F10x_StdPeriph_Driver\inc -I..\Libraries\CMSIS\Device\ST\STM32F10x\Include -I..\Libraries\CMSIS\Include -O0 -ffunction-sections -fdata-sections -g -Wall -o src\drv_spi.o ..\src\drv_spi.c 
arm-atollic-eabi-gcc src\wdg.o src\tiny_printf.o src\system_stm32f10x.o src\syscalls.o src\startup_stm32f10x_hd.o src\main.o src\drv_uart.o src\drv_system.o src\drv_spi.o src\delay.o Libraries\STM32F10x_StdPeriph_Driver\src\stm32f10x_wwdg.o Libraries\STM32F10x_StdPeriph_Driver\src\stm32f10x_usart.o Libraries\STM32F10x_StdPeriph_Driver\src\stm32f10x_tim.o Libraries\STM32F10x_StdPeriph_Driver\src\stm32f10x_spi.o Libraries\STM32F10x_StdPeriph_Driver\src\stm32f10x_sdio.o Libraries\STM32F10x_StdPeriph_Driver\src\stm32f10x_rtc.o Libraries\STM32F10x_StdPeriph_Driver\src\stm32f10x_rcc.o Libraries\STM32F10x_StdPeriph_Driver\src\stm32f10x_pwr.o Libraries\STM32F10x_StdPeriph_Driver\src\stm32f10x_iwdg.o Libraries\STM32F10x_StdPeriph_Driver\src\stm32f10x_i2c.o Libraries\STM32F10x_StdPeriph_Driver\src\stm32f10x_gpio.o Libraries\STM32F10x_StdPeriph_Driver\src\stm32f10x_fsmc.o Libraries\STM32F10x_StdPeriph_Driver\src\stm32f10x_flash.o Libraries\STM32F10x_StdPeriph_Driver\src\stm32f10x_exti.o Libraries\STM32F10x_StdPeriph_Driver\src\stm32f10x_dma.o Libraries\STM32F10x_StdPeriph_Driver\src\stm32f10x_dbgmcu.o Libraries\STM32F10x_StdPeriph_Driver\src\stm32f10x_dac.o Libraries\STM32F10x_StdPeriph_Driver\src\stm32f10x_crc.o Libraries\STM32F10x_StdPeriph_Driver\src\stm32f10x_cec.o Libraries\STM32F10x_StdPeriph_Driver\src\stm32f10x_can.o Libraries\STM32F10x_StdPeriph_Driver\src\stm32f10x_bkp.o Libraries\STM32F10x_StdPeriph_Driver\src\stm32f10x_adc.o Libraries\STM32F10x_StdPeriph_Driver\src\misc.o -o RoboTrack.elf -mthumb -mcpu=cortex-m3 -T..\stm32_flash.ld -Wl,--start-group -lc_s -lm -Wl,--end-group -static -Wl,-cref,-u,Reset_Handler -Wl,-Map=RoboTrack.map -Wl,--gc-sections -Wl,--defsym=malloc_getpagesize_P=0x1000 
src\main.o: In function `hwInit':
E:\project\robot\source\RoboTrack_workspace\RoboTrack\Debug/..\src/main.c:69: undefined reference to `i2c_OLED_init'
collect2.exe: error: ld returned 1 exit status
16:23:40 **** Incremental Build of configuration Debug for project RoboTrack ****
Info: Internal Builder is used for build
arm-atollic-eabi-gcc -c -mthumb -mcpu=cortex-m3 -std=gnu90 -DSTM32F10X_HD -DUSE_STDPERIPH_DRIVER -I../src -I../inc -I..\Libraries\STM32F10x_StdPeriph_Driver\inc -I..\Libraries\CMSIS\Device\ST\STM32F10x\Include -I..\Libraries\CMSIS\Include -O0 -ffunction-sections -fdata-sections -g -Wall -o src\main.o ..\src\main.c 
arm-atollic-eabi-gcc -c -mthumb -mcpu=cortex-m3 -std=gnu90 -DSTM32F10X_HD -DUSE_STDPERIPH_DRIVER -I../src -I../inc -I..\Libraries\STM32F10x_StdPeriph_Driver\inc -I..\Libraries\CMSIS\Device\ST\STM32F10x\Include -I..\Libraries\CMSIS\Include -O0 -ffunction-sections -fdata-sections -g -Wall -o src\wdg.o ..\src\wdg.c 
arm-atollic-eabi-gcc -c -mthumb -mcpu=cortex-m3 -std=gnu90 -DSTM32F10X_HD -DUSE_STDPERIPH_DRIVER -I../src -I../inc -I..\Libraries\STM32F10x_StdPeriph_Driver\inc -I..\Libraries\CMSIS\Device\ST\STM32F10x\Include -I..\Libraries\CMSIS\Include -O0 -ffunction-sections -fdata-sections -g -Wall -o src\drv_uart.o ..\src\drv_uart.c 
arm-atollic-eabi-gcc -c -mthumb -mcpu=cortex-m3 -std=gnu90 -DSTM32F10X_HD -DUSE_STDPERIPH_DRIVER -I../src -I../inc -I..\Libraries\STM32F10x_StdPeriph_Driver\inc -I..\Libraries\CMSIS\Device\ST\STM32F10x\Include -I..\Libraries\CMSIS\Include -O0 -ffunction-sections -fdata-sections -g -Wall -o src\drv_system.o ..\src\drv_system.c 
arm-atollic-eabi-gcc -c -mthumb -mcpu=cortex-m3 -std=gnu90 -DSTM32F10X_HD -DUSE_STDPERIPH_DRIVER -I../src -I../inc -I..\Libraries\STM32F10x_StdPeriph_Driver\inc -I..\Libraries\CMSIS\Device\ST\STM32F10x\Include -I..\Libraries\CMSIS\Include -O0 -ffunction-sections -fdata-sections -g -Wall -o src\delay.o ..\src\delay.c 
arm-atollic-eabi-gcc -c -mthumb -mcpu=cortex-m3 -std=gnu90 -DSTM32F10X_HD -DUSE_STDPERIPH_DRIVER -I../src -I../inc -I..\Libraries\STM32F10x_StdPeriph_Driver\inc -I..\Libraries\CMSIS\Device\ST\STM32F10x\Include -I..\Libraries\CMSIS\Include -O0 -ffunction-sections -fdata-sections -g -Wall -o src\drv_spi.o ..\src\drv_spi.c 
arm-atollic-eabi-gcc src\wdg.o src\tiny_printf.o src\system_stm32f10x.o src\syscalls.o src\startup_stm32f10x_hd.o src\main.o src\drv_uart.o src\drv_system.o src\drv_spi.o src\delay.o Libraries\STM32F10x_StdPeriph_Driver\src\stm32f10x_wwdg.o Libraries\STM32F10x_StdPeriph_Driver\src\stm32f10x_usart.o Libraries\STM32F10x_StdPeriph_Driver\src\stm32f10x_tim.o Libraries\STM32F10x_StdPeriph_Driver\src\stm32f10x_spi.o Libraries\STM32F10x_StdPeriph_Driver\src\stm32f10x_sdio.o Libraries\STM32F10x_StdPeriph_Driver\src\stm32f10x_rtc.o Libraries\STM32F10x_StdPeriph_Driver\src\stm32f10x_rcc.o Libraries\STM32F10x_StdPeriph_Driver\src\stm32f10x_pwr.o Libraries\STM32F10x_StdPeriph_Driver\src\stm32f10x_iwdg.o Libraries\STM32F10x_StdPeriph_Driver\src\stm32f10x_i2c.o Libraries\STM32F10x_StdPeriph_Driver\src\stm32f10x_gpio.o Libraries\STM32F10x_StdPeriph_Driver\src\stm32f10x_fsmc.o Libraries\STM32F10x_StdPeriph_Driver\src\stm32f10x_flash.o Libraries\STM32F10x_StdPeriph_Driver\src\stm32f10x_exti.o Libraries\STM32F10x_StdPeriph_Driver\src\stm32f10x_dma.o Libraries\STM32F10x_StdPeriph_Driver\src\stm32f10x_dbgmcu.o Libraries\STM32F10x_StdPeriph_Driver\src\stm32f10x_dac.o Libraries\STM32F10x_StdPeriph_Driver\src\stm32f10x_crc.o Libraries\STM32F10x_StdPeriph_Driver\src\stm32f10x_cec.o Libraries\STM32F10x_StdPeriph_Driver\src\stm32f10x_can.o Libraries\STM32F10x_StdPeriph_Driver\src\stm32f10x_bkp.o Libraries\STM32F10x_StdPeriph_Driver\src\stm32f10x_adc.o Libraries\STM32F10x_StdPeriph_Driver\src\misc.o -o RoboTrack.elf -mthumb -mcpu=cortex-m3 -T..\stm32_flash.ld -Wl,--start-group -lc_s -lm -Wl,--end-group -static -Wl,-cref,-u,Reset_Handler -Wl,-Map=RoboTrack.map -Wl,--gc-sections -Wl,--defsym=malloc_getpagesize_P=0x1000 
src\main.o: In function `hwInit':
E:\project\robot\source\RoboTrack_workspace\RoboTrack\Debug/..\src/main.c:69: undefined reference to `i2c_OLED_init'
collect2.exe: error: ld returned 1 exit status
16:32:04 **** Incremental Build of configuration Debug for project RoboTrack ****
Info: Internal Builder is used for build
arm-atollic-eabi-gcc src\wdg.o src\tiny_printf.o src\system_stm32f10x.o src\syscalls.o src\startup_stm32f10x_hd.o src\main.o src\drv_uart.o src\drv_system.o src\drv_spi.o src\delay.o Libraries\STM32F10x_StdPeriph_Driver\src\stm32f10x_wwdg.o Libraries\STM32F10x_StdPeriph_Driver\src\stm32f10x_usart.o Libraries\STM32F10x_StdPeriph_Driver\src\stm32f10x_tim.o Libraries\STM32F10x_StdPeriph_Driver\src\stm32f10x_spi.o Libraries\STM32F10x_StdPeriph_Driver\src\stm32f10x_sdio.o Libraries\STM32F10x_StdPeriph_Driver\src\stm32f10x_rtc.o Libraries\STM32F10x_StdPeriph_Driver\src\stm32f10x_rcc.o Libraries\STM32F10x_StdPeriph_Driver\src\stm32f10x_pwr.o Libraries\STM32F10x_StdPeriph_Driver\src\stm32f10x_iwdg.o Libraries\STM32F10x_StdPeriph_Driver\src\stm32f10x_i2c.o Libraries\STM32F10x_StdPeriph_Driver\src\stm32f10x_gpio.o Libraries\STM32F10x_StdPeriph_Driver\src\stm32f10x_fsmc.o Libraries\STM32F10x_StdPeriph_Driver\src\stm32f10x_flash.o Libraries\STM32F10x_StdPeriph_Driver\src\stm32f10x_exti.o Libraries\STM32F10x_StdPeriph_Driver\src\stm32f10x_dma.o Libraries\STM32F10x_StdPeriph_Driver\src\stm32f10x_dbgmcu.o Libraries\STM32F10x_StdPeriph_Driver\src\stm32f10x_dac.o Libraries\STM32F10x_StdPeriph_Driver\src\stm32f10x_crc.o Libraries\STM32F10x_StdPeriph_Driver\src\stm32f10x_cec.o Libraries\STM32F10x_StdPeriph_Driver\src\stm32f10x_can.o Libraries\STM32F10x_StdPeriph_Driver\src\stm32f10x_bkp.o Libraries\STM32F10x_StdPeriph_Driver\src\stm32f10x_adc.o Libraries\STM32F10x_StdPeriph_Driver\src\misc.o -o RoboTrack.elf -mthumb -mcpu=cortex-m3 -T..\stm32_flash.ld -Wl,--start-group -lc_s -lm -Wl,--end-group -static -Wl,-cref,-u,Reset_Handler -Wl,-Map=RoboTrack.map -Wl,--gc-sections -Wl,--defsym=malloc_getpagesize_P=0x1000 
src\main.o: In function `hwInit':
E:\project\robot\source\RoboTrack_workspace\RoboTrack\Debug/..\src/main.c:69: undefined reference to `i2c_OLED_init'
collect2.exe: error: ld returned 1 exit status
16:35:41 **** Incremental Build of configuration Debug for project RoboTrack ****
Info: Internal Builder is used for build
arm-atollic-eabi-gcc -c -mthumb -mcpu=cortex-m3 -std=gnu90 -DSTM32F10X_HD -DUSE_STDPERIPH_DRIVER -I../src -I../inc -I..\Libraries\STM32F10x_StdPeriph_Driver\inc -I..\Libraries\CMSIS\Device\ST\STM32F10x\Include -I..\Libraries\CMSIS\Include -O0 -ffunction-sections -fdata-sections -g -Wall -o src\LCD.o ..\src\LCD.c 
..\src\LCD.c:1:21: fatal error: Arduino.h: No such file or directory
compilation terminated.
16:35:55 **** Incremental Build of configuration Debug for project RoboTrack ****
Info: Internal Builder is used for build
arm-atollic-eabi-gcc -c -mthumb -mcpu=cortex-m3 -std=gnu90 -DSTM32F10X_HD -DUSE_STDPERIPH_DRIVER -I../src -I../inc -I..\Libraries\STM32F10x_StdPeriph_Driver\inc -I..\Libraries\CMSIS\Device\ST\STM32F10x\Include -I..\Libraries\CMSIS\Include -O0 -ffunction-sections -fdata-sections -g -Wall -o src\LCD.o ..\src\LCD.c 
..\src\LCD.c:1:20: fatal error: config.h: No such file or directory
compilation terminated.
16:36:08 **** Incremental Build of configuration Debug for project RoboTrack ****
Info: Internal Builder is used for build
arm-atollic-eabi-gcc -c -mthumb -mcpu=cortex-m3 -std=gnu90 -DSTM32F10X_HD -DUSE_STDPERIPH_DRIVER -I../src -I../inc -I..\Libraries\STM32F10x_StdPeriph_Driver\inc -I..\Libraries\CMSIS\Device\ST\STM32F10x\Include -I..\Libraries\CMSIS\Include -O0 -ffunction-sections -fdata-sections -g -Wall -o src\LCD.o ..\src\LCD.c 
In file included from ..\src\LCD.c:1:0:
../inc/LCD.h:6:15: error: unknown type name 'uint8_t'
../inc/LCD.h:12:23: error: unknown type name 'uint8_t'
../inc/LCD.h:13:15: error: unknown type name 'uint8_t'
..\src\LCD.c:3:26: error: unknown type name 'int16_t'
..\src\LCD.c:4:26: error: unknown type name 'int16_t'
..\src\LCD.c:5:27: error: unknown type name 'int16_t'
..\src\LCD.c:6:27: error: unknown type name 'int16_t'
..\src\LCD.c:7:28: error: unknown type name 'int16_t'
..\src\LCD.c:8:26: error: unknown type name 'uint8_t'
..\src\LCD.c:8:39: error: unknown type name 'uint8_t'
..\src\LCD.c:9:27: error: unknown type name 'uint8_t'
..\src\LCD.c:9:40: error: unknown type name 'uint8_t'
..\src\LCD.c:10:30: error: unknown type name 'uint8_t'
..\src\LCD.c:10:43: error: unknown type name 'uint8_t'
..\src\LCD.c:11:27: error: unknown type name 'uint8_t'
..\src\LCD.c:11:40: error: unknown type name 'uint8_t'
..\src\LCD.c:12:28: error: unknown type name 'uint8_t'
..\src\LCD.c:12:41: error: unknown type name 'uint8_t'
..\src\LCD.c:12:54: error: unknown type name 'uint8_t'
..\src\LCD.c:13:29: error: unknown type name 'uint8_t'
..\src\LCD.c:13:42: error: unknown type name 'uint8_t'
..\src\LCD.c:14:29: error: unknown type name 'uint8_t'
..\src\LCD.c:14:42: error: unknown type name 'uint8_t'
..\src\LCD.c:15:29: error: unknown type name 'uint8_t'
..\src\LCD.c:15:42: error: unknown type name 'uint8_t'
..\src\LCD.c:16:29: error: unknown type name 'uint8_t'
..\src\LCD.c:16:42: error: unknown type name 'uint8_t'
..\src\LCD.c:17:27: error: unknown type name 'uint8_t'
..\src\LCD.c:17:40: error: unknown type name 'uint8_t'
16:36:29 **** Incremental Build of configuration Debug for project RoboTrack ****
Info: Internal Builder is used for build
arm-atollic-eabi-gcc -c -mthumb -mcpu=cortex-m3 -std=gnu90 -DSTM32F10X_HD -DUSE_STDPERIPH_DRIVER -I../src -I../inc -I..\Libraries\STM32F10x_StdPeriph_Driver\inc -I..\Libraries\CMSIS\Device\ST\STM32F10x\Include -I..\Libraries\CMSIS\Include -O0 -ffunction-sections -fdata-sections -g -Wall -o src\LCD.o ..\src\LCD.c 
In file included from ..\src\LCD.c:1:0:
../inc/LCD.h:6:15: error: unknown type name 'uint8_t'
../inc/LCD.h:12:23: error: unknown type name 'uint8_t'
../inc/LCD.h:13:15: error: unknown type name 'uint8_t'
16:37:34 **** Incremental Build of configuration Debug for project RoboTrack ****
Info: Internal Builder is used for build
arm-atollic-eabi-gcc -c -mthumb -mcpu=cortex-m3 -std=gnu90 -DSTM32F10X_HD -DUSE_STDPERIPH_DRIVER -I../src -I../inc -I..\Libraries\STM32F10x_StdPeriph_Driver\inc -I..\Libraries\CMSIS\Device\ST\STM32F10x\Include -I..\Libraries\CMSIS\Include -O0 -ffunction-sections -fdata-sections -g -Wall -o src\LCD.o ..\src\LCD.c 
arm-atollic-eabi-gcc -c -mthumb -mcpu=cortex-m3 -std=gnu90 -DSTM32F10X_HD -DUSE_STDPERIPH_DRIVER -I../src -I../inc -I..\Libraries\STM32F10x_StdPeriph_Driver\inc -I..\Libraries\CMSIS\Device\ST\STM32F10x\Include -I..\Libraries\CMSIS\Include -O0 -ffunction-sections -fdata-sections -g -Wall -o src\drv_uart.o ..\src\drv_uart.c 
arm-atollic-eabi-gcc -c -mthumb -mcpu=cortex-m3 -std=gnu90 -DSTM32F10X_HD -DUSE_STDPERIPH_DRIVER -I../src -I../inc -I..\Libraries\STM32F10x_StdPeriph_Driver\inc -I..\Libraries\CMSIS\Device\ST\STM32F10x\Include -I..\Libraries\CMSIS\Include -O0 -ffunction-sections -fdata-sections -g -Wall -o src\wdg.o ..\src\wdg.c 
arm-atollic-eabi-gcc -c -mthumb -mcpu=cortex-m3 -std=gnu90 -DSTM32F10X_HD -DUSE_STDPERIPH_DRIVER -I../src -I../inc -I..\Libraries\STM32F10x_StdPeriph_Driver\inc -I..\Libraries\CMSIS\Device\ST\STM32F10x\Include -I..\Libraries\CMSIS\Include -O0 -ffunction-sections -fdata-sections -g -Wall -o src\drv_system.o ..\src\drv_system.c 
arm-atollic-eabi-gcc -c -mthumb -mcpu=cortex-m3 -std=gnu90 -DSTM32F10X_HD -DUSE_STDPERIPH_DRIVER -I../src -I../inc -I..\Libraries\STM32F10x_StdPeriph_Driver\inc -I..\Libraries\CMSIS\Device\ST\STM32F10x\Include -I..\Libraries\CMSIS\Include -O0 -ffunction-sections -fdata-sections -g -Wall -o src\main.o ..\src\main.c 
arm-atollic-eabi-gcc -c -mthumb -mcpu=cortex-m3 -std=gnu90 -DSTM32F10X_HD -DUSE_STDPERIPH_DRIVER -I../src -I../inc -I..\Libraries\STM32F10x_StdPeriph_Driver\inc -I..\Libraries\CMSIS\Device\ST\STM32F10x\Include -I..\Libraries\CMSIS\Include -O0 -ffunction-sections -fdata-sections -g -Wall -o src\delay.o ..\src\delay.c 
arm-atollic-eabi-gcc -c -mthumb -mcpu=cortex-m3 -std=gnu90 -DSTM32F10X_HD -DUSE_STDPERIPH_DRIVER -I../src -I../inc -I..\Libraries\STM32F10x_StdPeriph_Driver\inc -I..\Libraries\CMSIS\Device\ST\STM32F10x\Include -I..\Libraries\CMSIS\Include -O0 -ffunction-sections -fdata-sections -g -Wall -o src\drv_spi.o ..\src\drv_spi.c 
arm-atollic-eabi-gcc src\wdg.o src\tiny_printf.o src\system_stm32f10x.o src\syscalls.o src\startup_stm32f10x_hd.o src\main.o src\drv_uart.o src\drv_system.o src\drv_spi.o src\delay.o src\LCD.o Libraries\STM32F10x_StdPeriph_Driver\src\stm32f10x_wwdg.o Libraries\STM32F10x_StdPeriph_Driver\src\stm32f10x_usart.o Libraries\STM32F10x_StdPeriph_Driver\src\stm32f10x_tim.o Libraries\STM32F10x_StdPeriph_Driver\src\stm32f10x_spi.o Libraries\STM32F10x_StdPeriph_Driver\src\stm32f10x_sdio.o Libraries\STM32F10x_StdPeriph_Driver\src\stm32f10x_rtc.o Libraries\STM32F10x_StdPeriph_Driver\src\stm32f10x_rcc.o Libraries\STM32F10x_StdPeriph_Driver\src\stm32f10x_pwr.o Libraries\STM32F10x_StdPeriph_Driver\src\stm32f10x_iwdg.o Libraries\STM32F10x_StdPeriph_Driver\src\stm32f10x_i2c.o Libraries\STM32F10x_StdPeriph_Driver\src\stm32f10x_gpio.o Libraries\STM32F10x_StdPeriph_Driver\src\stm32f10x_fsmc.o Libraries\STM32F10x_StdPeriph_Driver\src\stm32f10x_flash.o Libraries\STM32F10x_StdPeriph_Driver\src\stm32f10x_exti.o Libraries\STM32F10x_StdPeriph_Driver\src\stm32f10x_dma.o Libraries\STM32F10x_StdPeriph_Driver\src\stm32f10x_dbgmcu.o Libraries\STM32F10x_StdPeriph_Driver\src\stm32f10x_dac.o Libraries\STM32F10x_StdPeriph_Driver\src\stm32f10x_crc.o Libraries\STM32F10x_StdPeriph_Driver\src\stm32f10x_cec.o Libraries\STM32F10x_StdPeriph_Driver\src\stm32f10x_can.o Libraries\STM32F10x_StdPeriph_Driver\src\stm32f10x_bkp.o Libraries\STM32F10x_StdPeriph_Driver\src\stm32f10x_adc.o Libraries\STM32F10x_StdPeriph_Driver\src\misc.o -o RoboTrack.elf -mthumb -mcpu=cortex-m3 -T..\stm32_flash.ld -Wl,--start-group -lc_s -lm -Wl,--end-group -static -Wl,-cref,-u,Reset_Handler -Wl,-Map=RoboTrack.map -Wl,--gc-sections -Wl,--defsym=malloc_getpagesize_P=0x1000 
src\main.o: In function `hwInit':
E:\project\robot\source\RoboTrack_workspace\RoboTrack\Debug/..\src/main.c:69: undefined reference to `i2c_OLED_init'
collect2.exe: error: ld returned 1 exit status
16:40:53 **** Incremental Build of configuration Debug for project RoboTrack ****
Info: Internal Builder is used for build
arm-atollic-eabi-gcc -c -mthumb -mcpu=cortex-m3 -std=gnu90 -DSTM32F10X_HD -DUSE_STDPERIPH_DRIVER -I../src -I../inc -I..\Libraries\STM32F10x_StdPeriph_Driver\inc -I..\Libraries\CMSIS\Device\ST\STM32F10x\Include -I..\Libraries\CMSIS\Include -O0 -ffunction-sections -fdata-sections -g -Wall -o src\delay.o ..\src\delay.c 
arm-atollic-eabi-gcc -c -mthumb -mcpu=cortex-m3 -std=gnu90 -DSTM32F10X_HD -DUSE_STDPERIPH_DRIVER -I../src -I../inc -I..\Libraries\STM32F10x_StdPeriph_Driver\inc -I..\Libraries\CMSIS\Device\ST\STM32F10x\Include -I..\Libraries\CMSIS\Include -O0 -ffunction-sections -fdata-sections -g -Wall -o src\wdg.o ..\src\wdg.c 
arm-atollic-eabi-gcc -c -mthumb -mcpu=cortex-m3 -std=gnu90 -DSTM32F10X_HD -DUSE_STDPERIPH_DRIVER -I../src -I../inc -I..\Libraries\STM32F10x_StdPeriph_Driver\inc -I..\Libraries\CMSIS\Device\ST\STM32F10x\Include -I..\Libraries\CMSIS\Include -O0 -ffunction-sections -fdata-sections -g -Wall -o src\LCD.o ..\src\LCD.c 
..\src\LCD.c:60:23: error: expected '=', ',', ';', 'asm' or '__attribute__' before 'LOGO'
..\src\LCD.c:128:23: error: expected '=', ',', ';', 'asm' or '__attribute__' before 'myFont'
..\src\LCD.c: In function 'i2c_OLED_send_cmd':
..\src\LCD.c:261:3: error: 'TWBR' undeclared (first use in this function)
..\src\LCD.c:261:3: note: each undeclared identifier is reported only once for each function it appears in
..\src\LCD.c:261:12: error: 'F_CPU' undeclared (first use in this function)
..\src\LCD.c:262:3: warning: implicit declaration of function 'i2c_writeReg' [-Wimplicit-function-declaration]
..\src\LCD.c: In function 'i2c_OLED_send_byte':
..\src\LCD.c:266:3: error: 'TWBR' undeclared (first use in this function)
..\src\LCD.c:266:12: error: 'F_CPU' undeclared (first use in this function)
..\src\LCD.c: In function 'i2c_OLED_send_char':
..\src\LCD.c:305:5: warning: implicit declaration of function 'pgm_read_byte' [-Wimplicit-function-declaration]
..\src\LCD.c:305:30: error: 'myFont' undeclared (first use in this function)
..\src\LCD.c: In function 'i2c_OLED_send_string':
..\src\LCD.c:316:32: error: 'myFont' undeclared (first use in this function)
..\src\LCD.c:321:5: warning: value computed is not used [-Wunused-value]
..\src\LCD.c: In function 'i2c_OLED_send_logo':
..\src\LCD.c:336:3: error: 'for' loop initial declarations are only allowed in C99 mode
..\src\LCD.c:336:3: note: use option -std=c99 or -std=gnu99 to compile your code
..\src\LCD.c:337:30: error: 'LOGO' undeclared (first use in this function)
..\src\LCD.c: At top level:
..\src\LCD.c:381:22: error: unknown type name 'byte'
..\src\LCD.c:381:32: error: unknown type name 'byte'
..\src\LCD.c:387:24: error: unknown type name 'byte'
..\src\LCD.c: In function 'i2c_clear_OLED':
..\src\LCD.c:407:3: error: 'for' loop initial declarations are only allowed in C99 mode
..\src\LCD.c: At top level:
..\src\LCD.c:671:17: error: unknown type name 'byte'
..\src\LCD.c: In function 'initLCD':
..\src\LCD.c:761:3: warning: implicit declaration of function 'blinkLED' [-Wimplicit-function-declaration]
..\src\LCD.c:798:5: warning: implicit declaration of function 'strcpy_P' [-Wimplicit-function-declaration]
..\src\LCD.c:798:5: warning: implicit declaration of function 'PSTR' [-Wimplicit-function-declaration]
..\src\LCD.c:798:26: error: 'BOARD_NAME' undeclared (first use in this function)
..\src\LCD.c:800:26: error: 'VERSION' undeclared (first use in this function)
..\src\LCD.c:804:5: warning: implicit declaration of function 'LCDsetLine' [-Wimplicit-function-declaration]
..\src\LCD.c: At top level:
..\src\LCD.c:884:1: error: unknown type name 'lcd_type_desc_t'
..\src\LCD.c:884:33: error: '__u8Fmt' undeclared here (not in a function)
..\src\LCD.c:884:43: error: '__u8Inc' undeclared here (not in a function)
..\src\LCD.c:884:1: warning: excess elements in scalar initializer [enabled by default]
..\src\LCD.c:884:1: warning: (near initialization for 'LTU8') [enabled by default]
..\src\LCD.c:885:1: error: unknown type name 'lcd_type_desc_t'
..\src\LCD.c:885:33: error: '__s8BitsFmt' undeclared here (not in a function)
..\src\LCD.c:885:47: error: '__s8Inc' undeclared here (not in a function)
..\src\LCD.c:885:1: warning: excess elements in scalar initializer [enabled by default]
..\src\LCD.c:885:1: warning: (near initialization for 'LTS8') [enabled by default]
..\src\LCD.c:886:1: error: unknown type name 'lcd_type_desc_t'
..\src\LCD.c:886:34: error: '__u16Fmt' undeclared here (not in a function)
..\src\LCD.c:886:45: error: '__u16Inc' undeclared here (not in a function)
..\src\LCD.c:886:1: warning: excess elements in scalar initializer [enabled by default]
..\src\LCD.c:886:1: warning: (near initialization for 'LTU16') [enabled by default]
..\src\LCD.c:887:1: error: unknown type name 'lcd_type_desc_t'
..\src\LCD.c:887:34: error: '__s16Fmt' undeclared here (not in a function)
..\src\LCD.c:887:45: error: '__s16Inc' undeclared here (not in a function)
..\src\LCD.c:887:1: warning: excess elements in scalar initializer [enabled by default]
..\src\LCD.c:887:1: warning: (near initialization for 'LTS16') [enabled by default]
..\src\LCD.c:888:1: error: unknown type name 'lcd_type_desc_t'
..\src\LCD.c:888:33: error: '__upMFmt' undeclared here (not in a function)
..\src\LCD.c:888:44: error: '__nullInc' undeclared here (not in a function)
..\src\LCD.c:888:1: warning: excess elements in scalar initializer [enabled by default]
..\src\LCD.c:888:1: warning: (near initialization for 'LPMM') [enabled by default]
..\src\LCD.c:890:1: error: unknown type name 'lcd_type_desc_t'
..\src\LCD.c:890:34: error: '__uAuxFmt1' undeclared here (not in a function)
..\src\LCD.c:890:1: warning: excess elements in scalar initializer [enabled by default]
..\src\LCD.c:890:1: warning: (near initialization for 'LAUX1') [enabled by default]
..\src\LCD.c:891:1: error: unknown type name 'lcd_type_desc_t'
..\src\LCD.c:891:34: error: '__uAuxFmt2' undeclared here (not in a function)
..\src\LCD.c:891:1: warning: excess elements in scalar initializer [enabled by default]
..\src\LCD.c:891:1: warning: (near initialization for 'LAUX2') [enabled by default]
..\src\LCD.c:892:1: error: unknown type name 'lcd_type_desc_t'
..\src\LCD.c:892:34: error: '__uAuxFmt3' undeclared here (not in a function)
..\src\LCD.c:892:1: warning: excess elements in scalar initializer [enabled by default]
..\src\LCD.c:892:1: warning: (near initialization for 'LAUX3') [enabled by default]
..\src\LCD.c:893:1: error: unknown type name 'lcd_type_desc_t'
..\src\LCD.c:893:34: error: '__uAuxFmt4' undeclared here (not in a function)
..\src\LCD.c:893:1: warning: excess elements in scalar initializer [enabled by default]
..\src\LCD.c:893:1: warning: (near initialization for 'LAUX4') [enabled by default]
..\src\LCD.c:896:3: error: unknown type name 'lcd_type_desc_t'
..\src\LCD.c:912:1: error: unknown type name 'lcd_param_def_t'
..\src\LCD.c:912:1: warning: initialization makes integer from pointer without a cast [enabled by default]
..\src\LCD.c:912:1: warning: (near initialization for '__P') [enabled by default]
..\src\LCD.c:912:1: warning: excess elements in scalar initializer [enabled by default]
..\src\LCD.c:912:1: warning: (near initialization for '__P') [enabled by default]
..\src\LCD.c:912:1: warning: excess elements in scalar initializer [enabled by default]
..\src\LCD.c:912:1: warning: (near initialization for '__P') [enabled by default]
..\src\LCD.c:912:1: warning: excess elements in scalar initializer [enabled by default]
..\src\LCD.c:912:1: warning: (near initialization for '__P') [enabled by default]
..\src\LCD.c:913:24: error: expected '=', ',', ';', 'asm' or '__attribute__' before 'volatile'
..\src\LCD.c:914:1: error: unknown type name 'lcd_param_def_t'
..\src\LCD.c:914:1: warning: initialization makes integer from pointer without a cast [enabled by default]
..\src\LCD.c:914:1: warning: (near initialization for '__D') [enabled by default]
..\src\LCD.c:914:1: warning: excess elements in scalar initializer [enabled by default]
..\src\LCD.c:914:1: warning: (near initialization for '__D') [enabled by default]
..\src\LCD.c:914:1: warning: excess elements in scalar initializer [enabled by default]
..\src\LCD.c:914:1: warning: (near initialization for '__D') [enabled by default]
..\src\LCD.c:914:1: warning: excess elements in scalar initializer [enabled by default]
..\src\LCD.c:914:1: warning: (near initialization for '__D') [enabled by default]
..\src\LCD.c:915:1: error: unknown type name 'lcd_param_def_t'
..\src\LCD.c:915:1: warning: initialization makes integer from pointer without a cast [enabled by default]
..\src\LCD.c:915:1: warning: (near initialization for '__RC') [enabled by default]
..\src\LCD.c:915:1: warning: excess elements in scalar initializer [enabled by default]
..\src\LCD.c:915:1: warning: (near initialization for '__RC') [enabled by default]
..\src\LCD.c:915:1: warning: excess elements in scalar initializer [enabled by default]
..\src\LCD.c:915:1: warning: (near initialization for '__RC') [enabled by default]
..\src\LCD.c:915:1: warning: excess elements in scalar initializer [enabled by default]
..\src\LCD.c:915:1: warning: (near initialization for '__RC') [enabled by default]
..\src\LCD.c:916:1: error: unknown type name 'lcd_param_def_t'
..\src\LCD.c:916:1: warning: initialization makes integer from pointer without a cast [enabled by default]
..\src\LCD.c:916:1: warning: (near initialization for '__PM') [enabled by default]
..\src\LCD.c:916:1: warning: excess elements in scalar initializer [enabled by default]
..\src\LCD.c:916:1: warning: (near initialization for '__PM') [enabled by default]
..\src\LCD.c:916:1: warning: excess elements in scalar initializer [enabled by default]
..\src\LCD.c:916:1: warning: (near initialization for '__PM') [enabled by default]
..\src\LCD.c:916:1: warning: excess elements in scalar initializer [enabled by default]
..\src\LCD.c:916:1: warning: (near initialization for '__PM') [enabled by default]
..\src\LCD.c:918:1: error: unknown type name 'lcd_param_def_t'
..\src\LCD.c:918:1: warning: initialization makes integer from pointer without a cast [enabled by default]
..\src\LCD.c:918:1: warning: (near initialization for '__PT') [enabled by default]
..\src\LCD.c:918:1: warning: excess elements in scalar initializer [enabled by default]
..\src\LCD.c:918:1: warning: (near initialization for '__PT') [enabled by default]
..\src\LCD.c:918:1: warning: excess elements in scalar initializer [enabled by default]
..\src\LCD.c:918:1: warning: (near initialization for '__PT') [enabled by default]
..\src\LCD.c:918:1: warning: excess elements in scalar initializer [enabled by default]
..\src\LCD.c:918:1: warning: (near initialization for '__PT') [enabled by default]
..\src\LCD.c:919:1: error: unknown type name 'lcd_param_def_t'
..\src\LCD.c:919:1: warning: initialization makes integer from pointer without a cast [enabled by default]
..\src\LCD.c:919:1: warning: (near initialization for '__VB') [enabled by default]
..\src\LCD.c:919:1: warning: excess elements in scalar initializer [enabled by default]
..\src\LCD.c:919:1: warning: (near initialization for '__VB') [enabled by default]
..\src\LCD.c:919:1: warning: excess elements in scalar initializer [enabled by default]
..\src\LCD.c:919:1: warning: (near initialization for '__VB') [enabled by default]
..\src\LCD.c:919:1: warning: excess elements in scalar initializer [enabled by default]
..\src\LCD.c:919:1: warning: (near initialization for '__VB') [enabled by default]
..\src\LCD.c:920:1: error: unknown type name 'lcd_param_def_t'
..\src\LCD.c:920:1: warning: initialization makes integer from pointer without a cast [enabled by default]
..\src\LCD.c:920:1: warning: (near initialization for '__L') [enabled by default]
..\src\LCD.c:920:1: warning: excess elements in scalar initializer [enabled by default]
..\src\LCD.c:920:1: warning: (near initialization for '__L') [enabled by default]
..\src\LCD.c:920:1: warning: excess elements in scalar initializer [enabled by default]
..\src\LCD.c:920:1: warning: (near initialization for '__L') [enabled by default]
..\src\LCD.c:920:1: warning: excess elements in scalar initializer [enabled by default]
..\src\LCD.c:920:1: warning: (near initialization for '__L') [enabled by default]
..\src\LCD.c:921:1: error: unknown type name 'lcd_param_def_t'
..\src\LCD.c:921:1: warning: initialization makes integer from pointer without a cast [enabled by default]
..\src\LCD.c:921:1: warning: (near initialization for '__FS') [enabled by default]
..\src\LCD.c:921:1: warning: excess elements in scalar initializer [enabled by default]
..\src\LCD.c:921:1: warning: (near initialization for '__FS') [enabled by default]
..\src\LCD.c:921:1: warning: excess elements in scalar initializer [enabled by default]
..\src\LCD.c:921:1: warning: (near initialization for '__FS') [enabled by default]
..\src\LCD.c:921:1: warning: excess elements in scalar initializer [enabled by default]
..\src\LCD.c:921:1: warning: (near initialization for '__FS') [enabled by default]
..\src\LCD.c:922:1: error: unknown type name 'lcd_param_def_t'
..\src\LCD.c:922:1: warning: initialization makes integer from pointer without a cast [enabled by default]
..\src\LCD.c:922:1: warning: (near initialization for '__SE') [enabled by default]
..\src\LCD.c:922:1: warning: excess elements in scalar initializer [enabled by default]
..\src\LCD.c:922:1: warning: (near initialization for '__SE') [enabled by default]
..\src\LCD.c:922:1: warning: excess elements in scalar initializer [enabled by default]
..\src\LCD.c:922:1: warning: (near initialization for '__SE') [enabled by default]
..\src\LCD.c:922:1: warning: excess elements in scalar initializer [enabled by default]
..\src\LCD.c:922:1: warning: (near initialization for '__SE') [enabled by default]
..\src\LCD.c:923:1: error: unknown type name 'lcd_param_def_t'
..\src\LCD.c:923:1: warning: initialization makes integer from pointer without a cast [enabled by default]
..\src\LCD.c:923:1: warning: (near initialization for '__SE1') [enabled by default]
..\src\LCD.c:923:1: warning: excess elements in scalar initializer [enabled by default]
..\src\LCD.c:923:1: warning: (near initialization for '__SE1') [enabled by default]
..\src\LCD.c:923:1: warning: excess elements in scalar initializer [enabled by default]
..\src\LCD.c:923:1: warning: (near initialization for '__SE1') [enabled by default]
..\src\LCD.c:923:1: warning: excess elements in scalar initializer [enabled by default]
..\src\LCD.c:923:1: warning: (near initialization for '__SE1') [enabled by default]
..\src\LCD.c:924:1: error: unknown type name 'lcd_param_def_t'
..\src\LCD.c:924:1: warning: initialization makes integer from pointer without a cast [enabled by default]
..\src\LCD.c:924:1: warning: (near initialization for '__ST') [enabled by default]
..\src\LCD.c:924:1: warning: excess elements in scalar initializer [enabled by default]
..\src\LCD.c:924:1: warning: (near initialization for '__ST') [enabled by default]
..\src\LCD.c:924:1: warning: excess elements in scalar initializer [enabled by default]
..\src\LCD.c:924:1: warning: (near initialization for '__ST') [enabled by default]
..\src\LCD.c:924:1: warning: excess elements in scalar initializer [enabled by default]
..\src\LCD.c:924:1: warning: (near initialization for '__ST') [enabled by default]
..\src\LCD.c:925:1: error: unknown type name 'lcd_param_def_t'
..\src\LCD.c:925:1: warning: initialization makes integer from pointer without a cast [enabled by default]
..\src\LCD.c:925:1: warning: (near initialization for '__AUX1') [enabled by default]
..\src\LCD.c:925:1: warning: excess elements in scalar initializer [enabled by default]
..\src\LCD.c:925:1: warning: (near initialization for '__AUX1') [enabled by default]
..\src\LCD.c:925:1: warning: excess elements in scalar initializer [enabled by default]
..\src\LCD.c:925:1: warning: (near initialization for '__AUX1') [enabled by default]
..\src\LCD.c:925:1: warning: excess elements in scalar initializer [enabled by default]
..\src\LCD.c:925:1: warning: (near initialization for '__AUX1') [enabled by default]
..\src\LCD.c:926:1: error: unknown type name 'lcd_param_def_t'
..\src\LCD.c:926:1: warning: initialization makes integer from pointer without a cast [enabled by default]
..\src\LCD.c:926:1: warning: (near initialization for '__AUX2') [enabled by default]
..\src\LCD.c:926:1: warning: excess elements in scalar initializer [enabled by default]
..\src\LCD.c:926:1: warning: (near initialization for '__AUX2') [enabled by default]
..\src\LCD.c:926:1: warning: excess elements in scalar initializer [enabled by default]
..\src\LCD.c:926:1: warning: (near initialization for '__AUX2') [enabled by default]
..\src\LCD.c:926:1: warning: excess elements in scalar initializer [enabled by default]
..\src\LCD.c:926:1: warning: (near initialization for '__AUX2') [enabled by default]
..\src\LCD.c:927:1: error: unknown type name 'lcd_param_def_t'
..\src\LCD.c:927:1: warning: initialization makes integer from pointer without a cast [enabled by default]
..\src\LCD.c:927:1: warning: (near initialization for '__AUX3') [enabled by default]
..\src\LCD.c:927:1: warning: excess elements in scalar initializer [enabled by default]
..\src\LCD.c:927:1: warning: (near initialization for '__AUX3') [enabled by default]
..\src\LCD.c:927:1: warning: excess elements in scalar initializer [enabled by default]
..\src\LCD.c:927:1: warning: (near initialization for '__AUX3') [enabled by default]
..\src\LCD.c:927:1: warning: excess elements in scalar initializer [enabled by default]
..\src\LCD.c:927:1: warning: (near initialization for '__AUX3') [enabled by default]
..\src\LCD.c:928:1: error: unknown type name 'lcd_param_def_t'
..\src\LCD.c:928:1: warning: initialization makes integer from pointer without a cast [enabled by default]
..\src\LCD.c:928:1: warning: (near initialization for '__AUX4') [enabled by default]
..\src\LCD.c:928:1: warning: excess elements in scalar initializer [enabled by default]
..\src\LCD.c:928:1: warning: (near initialization for '__AUX4') [enabled by default]
..\src\LCD.c:928:1: warning: excess elements in scalar initializer [enabled by default]
..\src\LCD.c:928:1: warning: (near initialization for '__AUX4') [enabled by default]
..\src\LCD.c:928:1: warning: excess elements in scalar initializer [enabled by default]
..\src\LCD.c:928:1: warning: (near initialization for '__AUX4') [enabled by default]
..\src\LCD.c:929:1: error: unknown type name 'lcd_param_def_t'
..\src\LCD.c:929:1: warning: initialization makes integer from pointer without a cast [enabled by default]
..\src\LCD.c:929:1: warning: (near initialization for '__BITS') [enabled by default]
..\src\LCD.c:929:1: warning: excess elements in scalar initializer [enabled by default]
..\src\LCD.c:929:1: warning: (near initialization for '__BITS') [enabled by default]
..\src\LCD.c:929:1: warning: excess elements in scalar initializer [enabled by default]
..\src\LCD.c:929:1: warning: (near initialization for '__BITS') [enabled by default]
..\src\LCD.c:929:1: warning: excess elements in scalar initializer [enabled by default]
..\src\LCD.c:929:1: warning: (near initialization for '__BITS') [enabled by default]
..\src\LCD.c:933:20: error: expected '=', ',', ';', 'asm' or '__attribute__' before 'lcd_param_text01'
..\src\LCD.c:934:20: error: expected '=', ',', ';', 'asm' or '__attribute__' before 'lcd_param_text02'
..\src\LCD.c:935:20: error: expected '=', ',', ';', 'asm' or '__attribute__' before 'lcd_param_text03'
..\src\LCD.c:936:20: error: expected '=', ',', ';', 'asm' or '__attribute__' before 'lcd_param_text04'
..\src\LCD.c:937:20: error: expected '=', ',', ';', 'asm' or '__attribute__' before 'lcd_param_text05'
..\src\LCD.c:938:20: error: expected '=', ',', ';', 'asm' or '__attribute__' before 'lcd_param_text06'
..\src\LCD.c:939:20: error: expected '=', ',', ';', 'asm' or '__attribute__' before 'lcd_param_text07'
..\src\LCD.c:940:20: error: expected '=', ',', ';', 'asm' or '__attribute__' before 'lcd_param_text08'
..\src\LCD.c:941:20: error: expected '=', ',', ';', 'asm' or '__attribute__' before 'lcd_param_text09'
..\src\LCD.c:942:20: error: expected '=', ',', ';', 'asm' or '__attribute__' before 'lcd_param_text10'
..\src\LCD.c:951:20: error: expected '=', ',', ';', 'asm' or '__attribute__' before 'lcd_param_text17'
..\src\LCD.c:952:20: error: expected '=', ',', ';', 'asm' or '__attribute__' before 'lcd_param_text18'
..\src\LCD.c:953:20: error: expected '=', ',', ';', 'asm' or '__attribute__' before 'lcd_param_text188'
..\src\LCD.c:957:20: error: expected '=', ',', ';', 'asm' or '__attribute__' before 'lcd_param_text20'
..\src\LCD.c:958:20: error: expected '=', ',', ';', 'asm' or '__attribute__' before 'lcd_param_text21'
..\src\LCD.c:959:20: error: expected '=', ',', ';', 'asm' or '__attribute__' before 'lcd_param_text20t'
..\src\LCD.c:960:20: error: expected '=', ',', ';', 'asm' or '__attribute__' before 'lcd_param_text21t'
..\src\LCD.c:961:20: error: expected '=', ',', ';', 'asm' or '__attribute__' before 'lcd_param_text22'
..\src\LCD.c:962:20: error: expected '=', ',', ';', 'asm' or '__attribute__' before 'lcd_param_text23'
..\src\LCD.c:963:20: error: expected '=', ',', ';', 'asm' or '__attribute__' before 'lcd_param_text24'
..\src\LCD.c:1064:20: error: expected '=', ',', ';', 'asm' or '__attribute__' before 'lcd_param_text131'
..\src\LCD.c:1076:20: error: expected '=', ',', ';', 'asm' or '__attribute__' before 'lcd_param_text151'
..\src\LCD.c:1079:9: error: expected '=', ',', ';', 'asm' or '__attribute__' before 'const'
..\src\LCD.c: In function '__uAuxFmt1':
..\src\LCD.c:1413:1: warning: implicit declaration of function '__uAuxFmt' [-Wimplicit-function-declaration]
..\src\LCD.c: At top level:
..\src\LCD.c:1419:6: warning: conflicting types for '__uAuxFmt' [enabled by default]
..\src\LCD.c:1413:58: note: previous implicit declaration of '__uAuxFmt' was here
..\src\LCD.c: In function 'configurationLoop':
..\src\LCD.c:1539:7: warning: implicit declaration of function 'ConfigRefresh' [-Wimplicit-function-declaration]
..\src\LCD.c:1552:14: error: 'ROLL' undeclared (first use in this function)
..\src\LCD.c:1552:25: error: 'THROTTLE' undeclared (first use in this function)
..\src\LCD.c:1552:5: warning: implicit declaration of function 'readRawRC' [-Wimplicit-function-declaration]
..\src\LCD.c:1552:96: error: 'MINCHECK' undeclared (first use in this function)
..\src\LCD.c:1552:116: error: 'MAXCHECK' undeclared (first use in this function)
..\src\LCD.c:1553:9: error: 'YAW' undeclared (first use in this function)
..\src\LCD.c:1553:23: error: 'PITCH' undeclared (first use in this function)
..\src\LCD.c:1554:16: error: 'LCD_MENU_SAVE_EXIT' undeclared (first use in this function)
..\src\LCD.c:1555:21: error: 'LCD_MENU_ABORT' undeclared (first use in this function)
..\src\LCD.c:1556:21: error: 'LCD_MENU_NEXT' undeclared (first use in this function)
..\src\LCD.c:1557:34: error: 'lcd_param_ptr_table' undeclared (first use in this function)
..\src\LCD.c:1558:23: error: 'LCD_MENU_PREV' undeclared (first use in this function)
..\src\LCD.c:1560:23: error: 'LCD_VALUE_DOWN' undeclared (first use in this function)
..\src\LCD.c:1562:7: error: unknown type name 'lcd_param_def_t'
..\src\LCD.c:1562:32: error: 'lcd_param_def_t' undeclared (first use in this function)
..\src\LCD.c:1562:48: error: expected expression before ')' token
..\src\LCD.c:1563:11: error: request for member 'type' in something not a structure or union
..\src\LCD.c:1563:7: warning: implicit declaration of function 'pgm_read_word' [-Wimplicit-function-declaration]
..\src\LCD.c:1563:116: error: request for member 'increment' in something not a structure or union
..\src\LCD.c:1564:19: error: 'conf' undeclared (first use in this function)
..\src\LCD.c:1565:23: error: 'LCD_VALUE_UP' undeclared (first use in this function)
..\src\LCD.c:1567:24: error: 'deft' undeclared (first use in this function)
..\src\LCD.c:1567:48: error: expected expression before ')' token
..\src\LCD.c:1604:7: warning: implicit declaration of function 'LoadDefaults' [-Wimplicit-function-declaration]
..\src\LCD.c:1606:7: warning: implicit declaration of function 'writeParams' [-Wimplicit-function-declaration]
..\src\LCD.c:1614:5: warning: implicit declaration of function 'readEEPROM' [-Wimplicit-function-declaration]
..\src\LCD.c:1629:3: error: 'cycleTime' undeclared (first use in this function)
..\src\LCD.c: At top level:
..\src\LCD.c:31:13: warning: 'template7' defined but not used [-Wunused-variable]
..\src\LCD.c:32:13: warning: 'template3' defined but not used [-Wunused-variable]
..\src\LCD.c:912:24: warning: '__P' defined but not used [-Wunused-variable]
..\src\LCD.c:914:24: warning: '__D' defined but not used [-Wunused-variable]
..\src\LCD.c:915:24: warning: '__RC' defined but not used [-Wunused-variable]
..\src\LCD.c:916:24: warning: '__PM' defined but not used [-Wunused-variable]
..\src\LCD.c:918:24: warning: '__PT' defined but not used [-Wunused-variable]
..\src\LCD.c:919:24: warning: '__VB' defined but not used [-Wunused-variable]
..\src\LCD.c:920:24: warning: '__L' defined but not used [-Wunused-variable]
..\src\LCD.c:921:24: warning: '__FS' defined but not used [-Wunused-variable]
..\src\LCD.c:922:24: warning: '__SE' defined but not used [-Wunused-variable]
..\src\LCD.c:923:24: warning: '__SE1' defined but not used [-Wunused-variable]
..\src\LCD.c:924:24: warning: '__ST' defined but not used [-Wunused-variable]
..\src\LCD.c:925:24: warning: '__AUX1' defined but not used [-Wunused-variable]
..\src\LCD.c:926:24: warning: '__AUX2' defined but not used [-Wunused-variable]
..\src\LCD.c:927:24: warning: '__AUX3' defined but not used [-Wunused-variable]
..\src\LCD.c:928:24: warning: '__AUX4' defined but not used [-Wunused-variable]
..\src\LCD.c:929:24: warning: '__BITS' defined but not used [-Wunused-variable]
16:42:20 **** Incremental Build of configuration Debug for project RoboTrack ****
Info: Internal Builder is used for build
arm-atollic-eabi-gcc -c -mthumb -mcpu=cortex-m3 -std=gnu90 -DSTM32F10X_HD -DUSE_STDPERIPH_DRIVER -I../src -I../inc -I..\Libraries\STM32F10x_StdPeriph_Driver\inc -I..\Libraries\CMSIS\Device\ST\STM32F10x\Include -I..\Libraries\CMSIS\Include -O0 -ffunction-sections -fdata-sections -g -Wall -o src\LCD.o ..\src\LCD.c 
..\src\LCD.c:60:23: error: expected '=', ',', ';', 'asm' or '__attribute__' before 'LOGO'
..\src\LCD.c:128:23: error: expected '=', ',', ';', 'asm' or '__attribute__' before 'myFont'
..\src\LCD.c: In function 'i2c_OLED_send_cmd':
..\src\LCD.c:261:3: error: 'TWBR' undeclared (first use in this function)
..\src\LCD.c:261:3: note: each undeclared identifier is reported only once for each function it appears in
..\src\LCD.c:261:12: error: 'F_CPU' undeclared (first use in this function)
..\src\LCD.c:262:3: warning: implicit declaration of function 'i2c_writeReg' [-Wimplicit-function-declaration]
..\src\LCD.c: In function 'i2c_OLED_send_byte':
..\src\LCD.c:266:3: error: 'TWBR' undeclared (first use in this function)
..\src\LCD.c:266:12: error: 'F_CPU' undeclared (first use in this function)
..\src\LCD.c: In function 'i2c_OLED_send_char':
..\src\LCD.c:305:5: warning: implicit declaration of function 'pgm_read_byte' [-Wimplicit-function-declaration]
..\src\LCD.c:305:30: error: 'myFont' undeclared (first use in this function)
..\src\LCD.c: In function 'i2c_OLED_send_string':
..\src\LCD.c:316:32: error: 'myFont' undeclared (first use in this function)
..\src\LCD.c:321:5: warning: value computed is not used [-Wunused-value]
..\src\LCD.c: In function 'i2c_OLED_send_logo':
..\src\LCD.c:336:3: error: 'for' loop initial declarations are only allowed in C99 mode
..\src\LCD.c:336:3: note: use option -std=c99 or -std=gnu99 to compile your code
..\src\LCD.c:337:30: error: 'LOGO' undeclared (first use in this function)
..\src\LCD.c: At top level:
..\src\LCD.c:381:22: error: unknown type name 'byte'
..\src\LCD.c:381:32: error: unknown type name 'byte'
..\src\LCD.c:387:24: error: unknown type name 'byte'
..\src\LCD.c: In function 'i2c_clear_OLED':
..\src\LCD.c:407:3: error: 'for' loop initial declarations are only allowed in C99 mode
..\src\LCD.c: At top level:
..\src\LCD.c:671:17: error: unknown type name 'byte'
..\src\LCD.c: In function 'initLCD':
..\src\LCD.c:761:3: warning: implicit declaration of function 'blinkLED' [-Wimplicit-function-declaration]
..\src\LCD.c:798:5: warning: implicit declaration of function 'strcpy_P' [-Wimplicit-function-declaration]
..\src\LCD.c:798:5: warning: implicit declaration of function 'PSTR' [-Wimplicit-function-declaration]
..\src\LCD.c:798:26: error: 'BOARD_NAME' undeclared (first use in this function)
..\src\LCD.c:800:26: error: 'VERSION' undeclared (first use in this function)
..\src\LCD.c:804:5: warning: implicit declaration of function 'LCDsetLine' [-Wimplicit-function-declaration]
..\src\LCD.c: At top level:
..\src\LCD.c:884:1: error: unknown type name 'lcd_type_desc_t'
..\src\LCD.c:884:1: warning: initialization makes integer from pointer without a cast [enabled by default]
..\src\LCD.c:884:1: warning: (near initialization for 'LTU8') [enabled by default]
..\src\LCD.c:884:1: warning: excess elements in scalar initializer [enabled by default]
..\src\LCD.c:884:1: warning: (near initialization for 'LTU8') [enabled by default]
..\src\LCD.c:885:1: error: unknown type name 'lcd_type_desc_t'
..\src\LCD.c:885:1: warning: initialization makes integer from pointer without a cast [enabled by default]
..\src\LCD.c:885:1: warning: (near initialization for 'LTS8') [enabled by default]
..\src\LCD.c:885:1: warning: excess elements in scalar initializer [enabled by default]
..\src\LCD.c:885:1: warning: (near initialization for 'LTS8') [enabled by default]
..\src\LCD.c:886:1: error: unknown type name 'lcd_type_desc_t'
..\src\LCD.c:886:1: warning: initialization makes integer from pointer without a cast [enabled by default]
..\src\LCD.c:886:1: warning: (near initialization for 'LTU16') [enabled by default]
..\src\LCD.c:886:1: warning: excess elements in scalar initializer [enabled by default]
..\src\LCD.c:886:1: warning: (near initialization for 'LTU16') [enabled by default]
..\src\LCD.c:887:1: error: unknown type name 'lcd_type_desc_t'
..\src\LCD.c:887:1: warning: initialization makes integer from pointer without a cast [enabled by default]
..\src\LCD.c:887:1: warning: (near initialization for 'LTS16') [enabled by default]
..\src\LCD.c:887:1: warning: excess elements in scalar initializer [enabled by default]
..\src\LCD.c:887:1: warning: (near initialization for 'LTS16') [enabled by default]
..\src\LCD.c:888:1: error: unknown type name 'lcd_type_desc_t'
..\src\LCD.c:888:1: warning: initialization makes integer from pointer without a cast [enabled by default]
..\src\LCD.c:888:1: warning: (near initialization for 'LPMM') [enabled by default]
..\src\LCD.c:888:1: warning: excess elements in scalar initializer [enabled by default]
..\src\LCD.c:888:1: warning: (near initialization for 'LPMM') [enabled by default]
..\src\LCD.c:890:1: error: unknown type name 'lcd_type_desc_t'
..\src\LCD.c:890:1: warning: initialization makes integer from pointer without a cast [enabled by default]
..\src\LCD.c:890:1: warning: (near initialization for 'LAUX1') [enabled by default]
..\src\LCD.c:890:1: warning: excess elements in scalar initializer [enabled by default]
..\src\LCD.c:890:1: warning: (near initialization for 'LAUX1') [enabled by default]
..\src\LCD.c:891:1: error: unknown type name 'lcd_type_desc_t'
..\src\LCD.c:891:1: warning: initialization makes integer from pointer without a cast [enabled by default]
..\src\LCD.c:891:1: warning: (near initialization for 'LAUX2') [enabled by default]
..\src\LCD.c:891:1: warning: excess elements in scalar initializer [enabled by default]
..\src\LCD.c:891:1: warning: (near initialization for 'LAUX2') [enabled by default]
..\src\LCD.c:892:1: error: unknown type name 'lcd_type_desc_t'
..\src\LCD.c:892:1: warning: initialization makes integer from pointer without a cast [enabled by default]
..\src\LCD.c:892:1: warning: (near initialization for 'LAUX3') [enabled by default]
..\src\LCD.c:892:1: warning: excess elements in scalar initializer [enabled by default]
..\src\LCD.c:892:1: warning: (near initialization for 'LAUX3') [enabled by default]
..\src\LCD.c:893:1: error: unknown type name 'lcd_type_desc_t'
..\src\LCD.c:893:1: warning: initialization makes integer from pointer without a cast [enabled by default]
..\src\LCD.c:893:1: warning: (near initialization for 'LAUX4') [enabled by default]
..\src\LCD.c:893:1: warning: excess elements in scalar initializer [enabled by default]
..\src\LCD.c:893:1: warning: (near initialization for 'LAUX4') [enabled by default]
..\src\LCD.c:896:3: error: unknown type name 'lcd_type_desc_t'
..\src\LCD.c:912:1: error: unknown type name 'lcd_param_def_t'
..\src\LCD.c:912:1: warning: initialization makes integer from pointer without a cast [enabled by default]
..\src\LCD.c:912:1: warning: (near initialization for '__P') [enabled by default]
..\src\LCD.c:912:1: warning: excess elements in scalar initializer [enabled by default]
..\src\LCD.c:912:1: warning: (near initialization for '__P') [enabled by default]
..\src\LCD.c:912:1: warning: excess elements in scalar initializer [enabled by default]
..\src\LCD.c:912:1: warning: (near initialization for '__P') [enabled by default]
..\src\LCD.c:912:1: warning: excess elements in scalar initializer [enabled by default]
..\src\LCD.c:912:1: warning: (near initialization for '__P') [enabled by default]
..\src\LCD.c:913:24: error: expected '=', ',', ';', 'asm' or '__attribute__' before 'volatile'
..\src\LCD.c:914:1: error: unknown type name 'lcd_param_def_t'
..\src\LCD.c:914:1: warning: initialization makes integer from pointer without a cast [enabled by default]
..\src\LCD.c:914:1: warning: (near initialization for '__D') [enabled by default]
..\src\LCD.c:914:1: warning: excess elements in scalar initializer [enabled by default]
..\src\LCD.c:914:1: warning: (near initialization for '__D') [enabled by default]
..\src\LCD.c:914:1: warning: excess elements in scalar initializer [enabled by default]
..\src\LCD.c:914:1: warning: (near initialization for '__D') [enabled by default]
..\src\LCD.c:914:1: warning: excess elements in scalar initializer [enabled by default]
..\src\LCD.c:914:1: warning: (near initialization for '__D') [enabled by default]
..\src\LCD.c:915:1: error: unknown type name 'lcd_param_def_t'
..\src\LCD.c:915:1: warning: initialization makes integer from pointer without a cast [enabled by default]
..\src\LCD.c:915:1: warning: (near initialization for '__RC') [enabled by default]
..\src\LCD.c:915:1: warning: excess elements in scalar initializer [enabled by default]
..\src\LCD.c:915:1: warning: (near initialization for '__RC') [enabled by default]
..\src\LCD.c:915:1: warning: excess elements in scalar initializer [enabled by default]
..\src\LCD.c:915:1: warning: (near initialization for '__RC') [enabled by default]
..\src\LCD.c:915:1: warning: excess elements in scalar initializer [enabled by default]
..\src\LCD.c:915:1: warning: (near initialization for '__RC') [enabled by default]
..\src\LCD.c:916:1: error: unknown type name 'lcd_param_def_t'
..\src\LCD.c:916:1: warning: initialization makes integer from pointer without a cast [enabled by default]
..\src\LCD.c:916:1: warning: (near initialization for '__PM') [enabled by default]
..\src\LCD.c:916:1: warning: excess elements in scalar initializer [enabled by default]
..\src\LCD.c:916:1: warning: (near initialization for '__PM') [enabled by default]
..\src\LCD.c:916:1: warning: excess elements in scalar initializer [enabled by default]
..\src\LCD.c:916:1: warning: (near initialization for '__PM') [enabled by default]
..\src\LCD.c:916:1: warning: excess elements in scalar initializer [enabled by default]
..\src\LCD.c:916:1: warning: (near initialization for '__PM') [enabled by default]
..\src\LCD.c:918:1: error: unknown type name 'lcd_param_def_t'
..\src\LCD.c:918:1: warning: initialization makes integer from pointer without a cast [enabled by default]
..\src\LCD.c:918:1: warning: (near initialization for '__PT') [enabled by default]
..\src\LCD.c:918:1: warning: excess elements in scalar initializer [enabled by default]
..\src\LCD.c:918:1: warning: (near initialization for '__PT') [enabled by default]
..\src\LCD.c:918:1: warning: excess elements in scalar initializer [enabled by default]
..\src\LCD.c:918:1: warning: (near initialization for '__PT') [enabled by default]
..\src\LCD.c:918:1: warning: excess elements in scalar initializer [enabled by default]
..\src\LCD.c:918:1: warning: (near initialization for '__PT') [enabled by default]
..\src\LCD.c:919:1: error: unknown type name 'lcd_param_def_t'
..\src\LCD.c:919:1: warning: initialization makes integer from pointer without a cast [enabled by default]
..\src\LCD.c:919:1: warning: (near initialization for '__VB') [enabled by default]
..\src\LCD.c:919:1: warning: excess elements in scalar initializer [enabled by default]
..\src\LCD.c:919:1: warning: (near initialization for '__VB') [enabled by default]
..\src\LCD.c:919:1: warning: excess elements in scalar initializer [enabled by default]
..\src\LCD.c:919:1: warning: (near initialization for '__VB') [enabled by default]
..\src\LCD.c:919:1: warning: excess elements in scalar initializer [enabled by default]
..\src\LCD.c:919:1: warning: (near initialization for '__VB') [enabled by default]
..\src\LCD.c:920:1: error: unknown type name 'lcd_param_def_t'
..\src\LCD.c:920:1: warning: initialization makes integer from pointer without a cast [enabled by default]
..\src\LCD.c:920:1: warning: (near initialization for '__L') [enabled by default]
..\src\LCD.c:920:1: warning: excess elements in scalar initializer [enabled by default]
..\src\LCD.c:920:1: warning: (near initialization for '__L') [enabled by default]
..\src\LCD.c:920:1: warning: excess elements in scalar initializer [enabled by default]
..\src\LCD.c:920:1: warning: (near initialization for '__L') [enabled by default]
..\src\LCD.c:920:1: warning: excess elements in scalar initializer [enabled by default]
..\src\LCD.c:920:1: warning: (near initialization for '__L') [enabled by default]
..\src\LCD.c:921:1: error: unknown type name 'lcd_param_def_t'
..\src\LCD.c:921:1: warning: initialization makes integer from pointer without a cast [enabled by default]
..\src\LCD.c:921:1: warning: (near initialization for '__FS') [enabled by default]
..\src\LCD.c:921:1: warning: excess elements in scalar initializer [enabled by default]
..\src\LCD.c:921:1: warning: (near initialization for '__FS') [enabled by default]
..\src\LCD.c:921:1: warning: excess elements in scalar initializer [enabled by default]
..\src\LCD.c:921:1: warning: (near initialization for '__FS') [enabled by default]
..\src\LCD.c:921:1: warning: excess elements in scalar initializer [enabled by default]
..\src\LCD.c:921:1: warning: (near initialization for '__FS') [enabled by default]
..\src\LCD.c:922:1: error: unknown type name 'lcd_param_def_t'
..\src\LCD.c:922:1: warning: initialization makes integer from pointer without a cast [enabled by default]
..\src\LCD.c:922:1: warning: (near initialization for '__SE') [enabled by default]
..\src\LCD.c:922:1: warning: excess elements in scalar initializer [enabled by default]
..\src\LCD.c:922:1: warning: (near initialization for '__SE') [enabled by default]
..\src\LCD.c:922:1: warning: excess elements in scalar initializer [enabled by default]
..\src\LCD.c:922:1: warning: (near initialization for '__SE') [enabled by default]
..\src\LCD.c:922:1: warning: excess elements in scalar initializer [enabled by default]
..\src\LCD.c:922:1: warning: (near initialization for '__SE') [enabled by default]
..\src\LCD.c:923:1: error: unknown type name 'lcd_param_def_t'
..\src\LCD.c:923:1: warning: initialization makes integer from pointer without a cast [enabled by default]
..\src\LCD.c:923:1: warning: (near initialization for '__SE1') [enabled by default]
..\src\LCD.c:923:1: warning: excess elements in scalar initializer [enabled by default]
..\src\LCD.c:923:1: warning: (near initialization for '__SE1') [enabled by default]
..\src\LCD.c:923:1: warning: excess elements in scalar initializer [enabled by default]
..\src\LCD.c:923:1: warning: (near initialization for '__SE1') [enabled by default]
..\src\LCD.c:923:1: warning: excess elements in scalar initializer [enabled by default]
..\src\LCD.c:923:1: warning: (near initialization for '__SE1') [enabled by default]
..\src\LCD.c:924:1: error: unknown type name 'lcd_param_def_t'
..\src\LCD.c:924:1: warning: initialization makes integer from pointer without a cast [enabled by default]
..\src\LCD.c:924:1: warning: (near initialization for '__ST') [enabled by default]
..\src\LCD.c:924:1: warning: excess elements in scalar initializer [enabled by default]
..\src\LCD.c:924:1: warning: (near initialization for '__ST') [enabled by default]
..\src\LCD.c:924:1: warning: excess elements in scalar initializer [enabled by default]
..\src\LCD.c:924:1: warning: (near initialization for '__ST') [enabled by default]
..\src\LCD.c:924:1: warning: excess elements in scalar initializer [enabled by default]
..\src\LCD.c:924:1: warning: (near initialization for '__ST') [enabled by default]
..\src\LCD.c:925:1: error: unknown type name 'lcd_param_def_t'
..\src\LCD.c:925:1: warning: initialization makes integer from pointer without a cast [enabled by default]
..\src\LCD.c:925:1: warning: (near initialization for '__AUX1') [enabled by default]
..\src\LCD.c:925:1: warning: excess elements in scalar initializer [enabled by default]
..\src\LCD.c:925:1: warning: (near initialization for '__AUX1') [enabled by default]
..\src\LCD.c:925:1: warning: excess elements in scalar initializer [enabled by default]
..\src\LCD.c:925:1: warning: (near initialization for '__AUX1') [enabled by default]
..\src\LCD.c:925:1: warning: excess elements in scalar initializer [enabled by default]
..\src\LCD.c:925:1: warning: (near initialization for '__AUX1') [enabled by default]
..\src\LCD.c:926:1: error: unknown type name 'lcd_param_def_t'
..\src\LCD.c:926:1: warning: initialization makes integer from pointer without a cast [enabled by default]
..\src\LCD.c:926:1: warning: (near initialization for '__AUX2') [enabled by default]
..\src\LCD.c:926:1: warning: excess elements in scalar initializer [enabled by default]
..\src\LCD.c:926:1: warning: (near initialization for '__AUX2') [enabled by default]
..\src\LCD.c:926:1: warning: excess elements in scalar initializer [enabled by default]
..\src\LCD.c:926:1: warning: (near initialization for '__AUX2') [enabled by default]
..\src\LCD.c:926:1: warning: excess elements in scalar initializer [enabled by default]
..\src\LCD.c:926:1: warning: (near initialization for '__AUX2') [enabled by default]
..\src\LCD.c:927:1: error: unknown type name 'lcd_param_def_t'
..\src\LCD.c:927:1: warning: initialization makes integer from pointer without a cast [enabled by default]
..\src\LCD.c:927:1: warning: (near initialization for '__AUX3') [enabled by default]
..\src\LCD.c:927:1: warning: excess elements in scalar initializer [enabled by default]
..\src\LCD.c:927:1: warning: (near initialization for '__AUX3') [enabled by default]
..\src\LCD.c:927:1: warning: excess elements in scalar initializer [enabled by default]
..\src\LCD.c:927:1: warning: (near initialization for '__AUX3') [enabled by default]
..\src\LCD.c:927:1: warning: excess elements in scalar initializer [enabled by default]
..\src\LCD.c:927:1: warning: (near initialization for '__AUX3') [enabled by default]
..\src\LCD.c:928:1: error: unknown type name 'lcd_param_def_t'
..\src\LCD.c:928:1: warning: initialization makes integer from pointer without a cast [enabled by default]
..\src\LCD.c:928:1: warning: (near initialization for '__AUX4') [enabled by default]
..\src\LCD.c:928:1: warning: excess elements in scalar initializer [enabled by default]
..\src\LCD.c:928:1: warning: (near initialization for '__AUX4') [enabled by default]
..\src\LCD.c:928:1: warning: excess elements in scalar initializer [enabled by default]
..\src\LCD.c:928:1: warning: (near initialization for '__AUX4') [enabled by default]
..\src\LCD.c:928:1: warning: excess elements in scalar initializer [enabled by default]
..\src\LCD.c:928:1: warning: (near initialization for '__AUX4') [enabled by default]
..\src\LCD.c:929:1: error: unknown type name 'lcd_param_def_t'
..\src\LCD.c:929:1: warning: initialization makes integer from pointer without a cast [enabled by default]
..\src\LCD.c:929:1: warning: (near initialization for '__BITS') [enabled by default]
..\src\LCD.c:929:1: warning: excess elements in scalar initializer [enabled by default]
..\src\LCD.c:929:1: warning: (near initialization for '__BITS') [enabled by default]
..\src\LCD.c:929:1: warning: excess elements in scalar initializer [enabled by default]
..\src\LCD.c:929:1: warning: (near initialization for '__BITS') [enabled by default]
..\src\LCD.c:929:1: warning: excess elements in scalar initializer [enabled by default]
..\src\LCD.c:929:1: warning: (near initialization for '__BITS') [enabled by default]
..\src\LCD.c:933:20: error: expected '=', ',', ';', 'asm' or '__attribute__' before 'lcd_param_text01'
..\src\LCD.c:934:20: error: expected '=', ',', ';', 'asm' or '__attribute__' before 'lcd_param_text02'
..\src\LCD.c:935:20: error: expected '=', ',', ';', 'asm' or '__attribute__' before 'lcd_param_text03'
..\src\LCD.c:936:20: error: expected '=', ',', ';', 'asm' or '__attribute__' before 'lcd_param_text04'
..\src\LCD.c:937:20: error: expected '=', ',', ';', 'asm' or '__attribute__' before 'lcd_param_text05'
..\src\LCD.c:938:20: error: expected '=', ',', ';', 'asm' or '__attribute__' before 'lcd_param_text06'
..\src\LCD.c:939:20: error: expected '=', ',', ';', 'asm' or '__attribute__' before 'lcd_param_text07'
..\src\LCD.c:940:20: error: expected '=', ',', ';', 'asm' or '__attribute__' before 'lcd_param_text08'
..\src\LCD.c:941:20: error: expected '=', ',', ';', 'asm' or '__attribute__' before 'lcd_param_text09'
..\src\LCD.c:942:20: error: expected '=', ',', ';', 'asm' or '__attribute__' before 'lcd_param_text10'
..\src\LCD.c:951:20: error: expected '=', ',', ';', 'asm' or '__attribute__' before 'lcd_param_text17'
..\src\LCD.c:952:20: error: expected '=', ',', ';', 'asm' or '__attribute__' before 'lcd_param_text18'
..\src\LCD.c:953:20: error: expected '=', ',', ';', 'asm' or '__attribute__' before 'lcd_param_text188'
..\src\LCD.c:957:20: error: expected '=', ',', ';', 'asm' or '__attribute__' before 'lcd_param_text20'
..\src\LCD.c:958:20: error: expected '=', ',', ';', 'asm' or '__attribute__' before 'lcd_param_text21'
..\src\LCD.c:959:20: error: expected '=', ',', ';', 'asm' or '__attribute__' before 'lcd_param_text20t'
[...]
In file included from ../inc/conf.h:29:0,
                 from ../inc/wdg.h:11,
                 from ..\src\wdg.c:30:
../inc/drv_i2c.h:49:1: error: unknown type name 'u8g_t'
../inc/drv_i2c.h: In function 'i2c_init':
../inc/drv_i2c.h:57:28: error: expected declaration specifiers before 'U8G_NOINLINE'
../inc/drv_i2c.h:60:27: error: unknown type name 'u8g_t'
In file included from ../inc/wdg.h:11:0,
                 from ..\src\wdg.c:30:
../inc/conf.h:37:17: error: storage class specified for parameter 'uartReceiveCallbackPtr'
In file included from ../inc/conf.h:41:0,
                 from ../inc/wdg.h:11,
                 from ..\src\wdg.c:30:
../inc/drv_uart.h:27:15: error: storage class specified for parameter 'rx_buffer'
../inc/drv_uart.h:28:18: error: storage class specified for parameter 'rx_wr_index'
../inc/drv_uart.h:29:18: error: storage class specified for parameter 'rx_rd_index'
../inc/drv_uart.h:30:18: error: storage class specified for parameter 'rx_counter'
../inc/drv_uart.h:31:16: error: storage class specified for parameter 'rx_buffer_overflow'
In file included from ../inc/wdg.h:11:0,
                 from ..\src\wdg.c:30:
../inc/conf.h:51:3: error: storage class specified for parameter 'health_t'
../inc/conf.h:53:17: error: expected '=', ',', ';', 'asm' or '__attribute__' before 'baro_unit_health'
../inc/conf.h:61:3: error: storage class specified for parameter 'baro_sensor_t'
../inc/conf.h:63:22: error: expected '=', ',', ';', 'asm' or '__attribute__' before 'baro'
../inc/conf.h:65:12: error: storage class specified for parameter 'timercmd'
..\src\wdg.c:33:1: error: parameter 'IC1ReadValue1' is initialized
..\src\wdg.c:33:1: error: parameter 'IC1ReadValue2' is initialized
..\src\wdg.c:34:1: error: parameter 'CaptureNumber' is initialized
..\src\wdg.c:35:1: error: parameter 'Capture' is initialized
..\src\wdg.c:36:1: error: parameter 'LsiFreq' is initialized
..\src\wdg.c:39:1: error: expected '=', ',', ';', 'asm' or '__attribute__' before '{' token
..\src\wdg.c:118:1: error: expected '=', ',', ';', 'asm' or '__attribute__' before '{' token
In file included from ../inc/conf.h:29:0,
                 from ../inc/wdg.h:11,
                 from ..\src\wdg.c:30:
../inc/drv_i2c.h:57:6: error: old-style parameter declarations in prototyped function definition
..\src\wdg.c:159:1: error: expected '{' at end of input
18:32:08 **** Incremental Build of configuration Debug for project RoboTrack ****
Info: Internal Builder is used for build
arm-atollic-eabi-gcc -c -mthumb -mcpu=cortex-m3 -std=gnu90 -DSTM32F10X_HD -DUSE_STDPERIPH_DRIVER -I../src -I../inc -I..\Libraries\STM32F10x_StdPeriph_Driver\inc -I..\Libraries\CMSIS\Device\ST\STM32F10x\Include -I..\Libraries\CMSIS\Include -O0 -ffunction-sections -fdata-sections -g -Wall -o src\drv_uart.o ..\src\drv_uart.c 
In file included from ../inc/conf.h:29:0,
                 from ../inc/drv_uart.h:11,
                 from ..\src\drv_uart.c:8:
../inc/drv_i2c.h: In function 'i2c_init':
../inc/drv_i2c.h:57:28: error: expected declaration specifiers before 'U8G_NOINLINE'
../inc/drv_i2c.h:60:27: error: unknown type name 'u8g_t'
In file included from ../inc/drv_uart.h:11:0,
                 from ..\src\drv_uart.c:8:
../inc/conf.h:37:17: error: storage class specified for parameter 'uartReceiveCallbackPtr'
In file included from ../inc/drv_uart.h:11:0,
                 from ..\src\drv_uart.c:8:
../inc/conf.h:51:3: error: storage class specified for parameter 'health_t'
../inc/conf.h:53:17: error: expected '=', ',', ';', 'asm' or '__attribute__' before 'baro_unit_health'
../inc/conf.h:61:3: error: storage class specified for parameter 'baro_sensor_t'
../inc/conf.h:63:22: error: expected '=', ',', ';', 'asm' or '__attribute__' before 'baro'
../inc/conf.h:65:12: error: storage class specified for parameter 'timercmd'
In file included from ..\src\drv_uart.c:8:0:
../inc/drv_uart.h:27:15: error: storage class specified for parameter 'rx_buffer'
../inc/drv_uart.h:28:18: error: storage class specified for parameter 'rx_wr_index'
../inc/drv_uart.h:29:18: error: storage class specified for parameter 'rx_rd_index'
../inc/drv_uart.h:30:18: error: storage class specified for parameter 'rx_counter'
../inc/drv_uart.h:31:16: error: storage class specified for parameter 'rx_buffer_overflow'
..\src\drv_uart.c:13:1: error: parameter 'txBufferTail' is initialized
..\src\drv_uart.c:14:1: error: parameter 'txBufferHead' is initialized
..\src\drv_uart.c:17:9: error: redefinition of parameter 'rx_buffer'
In file included from ..\src\drv_uart.c:8:0:
../inc/drv_uart.h:27:15: note: previous definition of 'rx_buffer' was here
..\src\drv_uart.c:18:1: error: parameter 'rx_wr_index' is initialized
..\src\drv_uart.c:18:12: error: redefinition of parameter 'rx_wr_index'
In file included from ..\src\drv_uart.c:8:0:
../inc/drv_uart.h:28:18: note: previous definition of 'rx_wr_index' was here
..\src\drv_uart.c:19:21: error: parameter 'rx_rd_index' is initialized
..\src\drv_uart.c:19:21: error: redefinition of parameter 'rx_rd_index'
In file included from ..\src\drv_uart.c:8:0:
../inc/drv_uart.h:29:18: note: previous definition of 'rx_rd_index' was here
..\src\drv_uart.c:20:21: error: parameter 'rx_counter' is initialized
..\src\drv_uart.c:20:21: error: redefinition of parameter 'rx_counter'
In file included from ..\src\drv_uart.c:8:0:
../inc/drv_uart.h:30:18: note: previous definition of 'rx_counter' was here
..\src\drv_uart.c:21:1: error: parameter 'rx_buffer_overflow' is initialized
..\src\drv_uart.c:21:12: error: redefinition of parameter 'rx_buffer_overflow'
In file included from ..\src\drv_uart.c:8:0:
../inc/drv_uart.h:31:16: note: previous definition of 'rx_buffer_overflow' was here
..\src\drv_uart.c:25:1: error: parameter 'tx_wr_index' is initialized
..\src\drv_uart.c:26:20: error: parameter 'tx_rd_index' is initialized
..\src\drv_uart.c:27:20: error: parameter 'tx_counter' is initialized
..\src\drv_uart.c:31:1: error: expected '=', ',', ';', 'asm' or '__attribute__' before '{' token
..\src\drv_uart.c:47:1: error: expected '=', ',', ';', 'asm' or '__attribute__' before '{' token
..\src\drv_uart.c:78:1: error: expected '=', ',', ';', 'asm' or '__attribute__' before '{' token
..\src\drv_uart.c:83:1: error: expected '=', ',', ';', 'asm' or '__attribute__' before '{' token
..\src\drv_uart.c:91:1: error: expected '=', ',', ';', 'asm' or '__attribute__' before '{' token
..\src\drv_uart.c:96:1: error: expected '=', ',', ';', 'asm' or '__attribute__' before '{' token
..\src\drv_uart.c:151:1: error: expected '=', ',', ';', 'asm' or '__attribute__' before '{' token
..\src\drv_uart.c:159:1: error: expected '=', ',', ';', 'asm' or '__attribute__' before '{' token
In file included from ../inc/conf.h:29:0,
                 from ../inc/drv_uart.h:11,
                 from ..\src\drv_uart.c:8:
../inc/drv_i2c.h:57:6: error: old-style parameter declarations in prototyped function definition
..\src\drv_uart.c:162:1: error: expected '{' at end of input
18:36:27 **** Incremental Build of configuration Debug for project RoboTrack ****
Info: Internal Builder is used for build
arm-atollic-eabi-gcc -c -mthumb -mcpu=cortex-m3 -std=gnu90 -DSTM32F10X_HD -DUSE_STDPERIPH_DRIVER -I../src -I../inc -I..\Libraries\STM32F10x_StdPeriph_Driver\inc -I..\Libraries\CMSIS\Device\ST\STM32F10x\Include -I..\Libraries\CMSIS\Include -O0 -ffunction-sections -fdata-sections -g -Wall -o src\drv_system.o ..\src\drv_system.c 
In file included from ../inc/conf.h:29:0,
                 from ..\src\drv_system.c:1:
../inc/drv_i2c.h:49:1: error: unknown type name 'u8g_t'
../inc/drv_i2c.h:60:27: error: unknown type name 'u8g_t'
18:41:10 **** Incremental Build of configuration Debug for project RoboTrack ****
Info: Internal Builder is used for build
arm-atollic-eabi-gcc -c -mthumb -mcpu=cortex-m3 -std=gnu90 -DSTM32F10X_HD -DUSE_STDPERIPH_DRIVER -I../src -I../inc -I..\Libraries\STM32F10x_StdPeriph_Driver\inc -I..\Libraries\CMSIS\Device\ST\STM32F10x\Include -I..\Libraries\CMSIS\Include -O0 -ffunction-sections -fdata-sections -g -Wall -o src\drv_uart.o ..\src\drv_uart.c 
arm-atollic-eabi-gcc -c -mthumb -mcpu=cortex-m3 -std=gnu90 -DSTM32F10X_HD -DUSE_STDPERIPH_DRIVER -I../src -I../inc -I..\Libraries\STM32F10x_StdPeriph_Driver\inc -I..\Libraries\CMSIS\Device\ST\STM32F10x\Include -I..\Libraries\CMSIS\Include -O0 -ffunction-sections -fdata-sections -g -Wall -o src\drv_system.o ..\src\drv_system.c 
arm-atollic-eabi-gcc -c -mthumb -mcpu=cortex-m3 -std=gnu90 -DSTM32F10X_HD -DUSE_STDPERIPH_DRIVER -I../src -I../inc -I..\Libraries\STM32F10x_StdPeriph_Driver\inc -I..\Libraries\CMSIS\Device\ST\STM32F10x\Include -I..\Libraries\CMSIS\Include -O0 -ffunction-sections -fdata-sections -g -Wall -o src\drv_i2c.o ..\src\drv_i2c.c 
..\src\drv_i2c.c:206:27: error: unknown type name 'u8g_t'
18:41:29 **** Incremental Build of configuration Debug for project RoboTrack ****
Info: Internal Builder is used for build
arm-atollic-eabi-gcc -c -mthumb -mcpu=cortex-m3 -std=gnu90 -DSTM32F10X_HD -DUSE_STDPERIPH_DRIVER -I../src -I../inc -I..\Libraries\STM32F10x_StdPeriph_Driver\inc -I..\Libraries\CMSIS\Device\ST\STM32F10x\Include -I..\Libraries\CMSIS\Include -O0 -ffunction-sections -fdata-sections -g -Wall -o src\main.o ..\src\main.c 
arm-atollic-eabi-gcc -c -mthumb -mcpu=cortex-m3 -std=gnu90 -DSTM32F10X_HD -DUSE_STDPERIPH_DRIVER -I../src -I../inc -I..\Libraries\STM32F10x_StdPeriph_Driver\inc -I..\Libraries\CMSIS\Device\ST\STM32F10x\Include -I..\Libraries\CMSIS\Include -O0 -ffunction-sections -fdata-sections -g -Wall -o src\wdg.o ..\src\wdg.c 
arm-atollic-eabi-gcc -c -mthumb -mcpu=cortex-m3 -std=gnu90 -DSTM32F10X_HD -DUSE_STDPERIPH_DRIVER -I../src -I../inc -I..\Libraries\STM32F10x_StdPeriph_Driver\inc -I..\Libraries\CMSIS\Device\ST\STM32F10x\Include -I..\Libraries\CMSIS\Include -O0 -ffunction-sections -fdata-sections -g -Wall -o src\LCD.o ..\src\LCD.c 
..\src\LCD.c: In function 'i2c_OLED_send_cmd':
..\src\LCD.c:265:3: warning: implicit declaration of function 'i2c_writeReg' [-Wimplicit-function-declaration]
..\src\LCD.c: In function 'i2c_OLED_send_char':
..\src\LCD.c:308:5: warning: implicit declaration of function 'pgm_read_byte' [-Wimplicit-function-declaration]
..\src\LCD.c: In function 'i2c_OLED_send_string':
..\src\LCD.c:324:5: warning: value computed is not used [-Wunused-value]
..\src\LCD.c: In function 'initLCD':
..\src\LCD.c:765:3: warning: implicit declaration of function 'blinkLED' [-Wimplicit-function-declaration]
..\src\LCD.c:792:7: warning: implicit declaration of function 'i2c_OLED_send_logo' [-Wimplicit-function-declaration]
..\src\LCD.c:809:5: warning: implicit declaration of function 'strcpy_P' [-Wimplicit-function-declaration]
..\src\LCD.c:809:5: warning: implicit declaration of function 'PSTR' [-Wimplicit-function-declaration]
..\src\LCD.c: At top level:
..\src\LCD.c:34:13: warning: 'template7' defined but not used [-Wunused-variable]
..\src\LCD.c:35:13: warning: 'template3' defined but not used [-Wunused-variable]
..\src\LCD.c:878:16: warning: 'reset_to_defaults' defined but not used [-Wunused-variable]
..\src\LCD.c:1459:16: warning: 'lcdStickState' defined but not used [-Wunused-variable]
arm-atollic-eabi-gcc -c -mthumb -mcpu=cortex-m3 -std=gnu90 -DSTM32F10X_HD -DUSE_STDPERIPH_DRIVER -I../src -I../inc -I..\Libraries\STM32F10x_StdPeriph_Driver\inc -I..\Libraries\CMSIS\Device\ST\STM32F10x\Include -I..\Libraries\CMSIS\Include -O0 -ffunction-sections -fdata-sections -g -Wall -o src\drv_spi.o ..\src\drv_spi.c 
arm-atollic-eabi-gcc -c -mthumb -mcpu=cortex-m3 -std=gnu90 -DSTM32F10X_HD -DUSE_STDPERIPH_DRIVER -I../src -I../inc -I..\Libraries\STM32F10x_StdPeriph_Driver\inc -I..\Libraries\CMSIS\Device\ST\STM32F10x\Include -I..\Libraries\CMSIS\Include -O0 -ffunction-sections -fdata-sections -g -Wall -o src\delay.o ..\src\delay.c 
arm-atollic-eabi-gcc -c -mthumb -mcpu=cortex-m3 -std=gnu90 -DSTM32F10X_HD -DUSE_STDPERIPH_DRIVER -I../src -I../inc -I..\Libraries\STM32F10x_StdPeriph_Driver\inc -I..\Libraries\CMSIS\Device\ST\STM32F10x\Include -I..\Libraries\CMSIS\Include -O0 -ffunction-sections -fdata-sections -g -Wall -o src\drv_i2c.o ..\src\drv_i2c.c 
arm-atollic-eabi-gcc src\wdg.o src\tiny_printf.o src\system_stm32f10x.o src\syscalls.o src\startup_stm32f10x_hd.o src\main.o src\drv_uart.o src\drv_system.o src\drv_spi.o src\drv_i2c.o src\delay.o src\LCD.o Libraries\STM32F10x_StdPeriph_Driver\src\stm32f10x_wwdg.o Libraries\STM32F10x_StdPeriph_Driver\src\stm32f10x_usart.o Libraries\STM32F10x_StdPeriph_Driver\src\stm32f10x_tim.o Libraries\STM32F10x_StdPeriph_Driver\src\stm32f10x_spi.o Libraries\STM32F10x_StdPeriph_Driver\src\stm32f10x_sdio.o Libraries\STM32F10x_StdPeriph_Driver\src\stm32f10x_rtc.o Libraries\STM32F10x_StdPeriph_Driver\src\stm32f10x_rcc.o Libraries\STM32F10x_StdPeriph_Driver\src\stm32f10x_pwr.o Libraries\STM32F10x_StdPeriph_Driver\src\stm32f10x_iwdg.o Libraries\STM32F10x_StdPeriph_Driver\src\stm32f10x_i2c.o Libraries\STM32F10x_StdPeriph_Driver\src\stm32f10x_gpio.o Libraries\STM32F10x_StdPeriph_Driver\src\stm32f10x_fsmc.o Libraries\STM32F10x_StdPeriph_Driver\src\stm32f10x_flash.o Libraries\STM32F10x_StdPeriph_Driver\src\stm32f10x_exti.o Libraries\STM32F10x_StdPeriph_Driver\src\stm32f10x_dma.o Libraries\STM32F10x_StdPeriph_Driver\src\stm32f10x_dbgmcu.o Libraries\STM32F10x_StdPeriph_Driver\src\stm32f10x_dac.o Libraries\STM32F10x_StdPeriph_Driver\src\stm32f10x_crc.o Libraries\STM32F10x_StdPeriph_Driver\src\stm32f10x_cec.o Libraries\STM32F10x_StdPeriph_Driver\src\stm32f10x_can.o Libraries\STM32F10x_StdPeriph_Driver\src\stm32f10x_bkp.o Libraries\STM32F10x_StdPeriph_Driver\src\stm32f10x_adc.o Libraries\STM32F10x_StdPeriph_Driver\src\misc.o -o RoboTrack.elf -mthumb -mcpu=cortex-m3 -T..\stm32_flash.ld -Wl,--start-group -lc_s -lm -Wl,--end-group -static -Wl,-cref,-u,Reset_Handler -Wl,-Map=RoboTrack.map -Wl,--gc-sections -Wl,--defsym=malloc_getpagesize_P=0x1000 
src\LCD.o: In function `i2c_OLED_send_cmd':
E:\project\robot\source\RoboTrack_workspace\RoboTrack\Debug/..\src/LCD.c:265: undefined reference to `i2c_writeReg'
collect2.exe: error: ld returned 1 exit status
18:46:11 **** Incremental Build of configuration Debug for project RoboTrack ****
Info: Internal Builder is used for build
arm-atollic-eabi-gcc -c -mthumb -mcpu=cortex-m3 -std=gnu90 -DSTM32F10X_HD -DUSE_STDPERIPH_DRIVER -I../src -I../inc -I..\Libraries\STM32F10x_StdPeriph_Driver\inc -I..\Libraries\CMSIS\Device\ST\STM32F10x\Include -I..\Libraries\CMSIS\Include -O0 -ffunction-sections -fdata-sections -g -Wall -o src\drv_spi.o ..\src\drv_spi.c 
arm-atollic-eabi-gcc -c -mthumb -mcpu=cortex-m3 -std=gnu90 -DSTM32F10X_HD -DUSE_STDPERIPH_DRIVER -I../src -I../inc -I..\Libraries\STM32F10x_StdPeriph_Driver\inc -I..\Libraries\CMSIS\Device\ST\STM32F10x\Include -I..\Libraries\CMSIS\Include -O0 -ffunction-sections -fdata-sections -g -Wall -o src\main.o ..\src\main.c 
arm-atollic-eabi-gcc -c -mthumb -mcpu=cortex-m3 -std=gnu90 -DSTM32F10X_HD -DUSE_STDPERIPH_DRIVER -I../src -I../inc -I..\Libraries\STM32F10x_StdPeriph_Driver\inc -I..\Libraries\CMSIS\Device\ST\STM32F10x\Include -I..\Libraries\CMSIS\Include -O0 -ffunction-sections -fdata-sections -g -Wall -o src\drv_uart.o ..\src\drv_uart.c 
arm-atollic-eabi-gcc -c -mthumb -mcpu=cortex-m3 -std=gnu90 -DSTM32F10X_HD -DUSE_STDPERIPH_DRIVER -I../src -I../inc -I..\Libraries\STM32F10x_StdPeriph_Driver\inc -I..\Libraries\CMSIS\Device\ST\STM32F10x\Include -I..\Libraries\CMSIS\Include -O0 -ffunction-sections -fdata-sections -g -Wall -o src\LCD.o ..\src\LCD.c 
..\src\LCD.c: In function 'i2c_OLED_send_cmd':
..\src\LCD.c:265:3: warning: implicit declaration of function 'i2c_writeReg' [-Wimplicit-function-declaration]
..\src\LCD.c: In function 'i2c_OLED_send_char':
..\src\LCD.c:308:5: warning: implicit declaration of function 'pgm_read_byte' [-Wimplicit-function-declaration]
..\src\LCD.c: In function 'i2c_OLED_send_string':
..\src\LCD.c:324:5: warning: value computed is not used [-Wunused-value]
..\src\LCD.c: In function 'initLCD':
..\src\LCD.c:765:3: warning: implicit declaration of function 'blinkLED' [-Wimplicit-function-declaration]
..\src\LCD.c:792:7: warning: implicit declaration of function 'i2c_OLED_send_logo' [-Wimplicit-function-declaration]
..\src\LCD.c:809:5: warning: implicit declaration of function 'strcpy_P' [-Wimplicit-function-declaration]
..\src\LCD.c:809:5: warning: implicit declaration of function 'PSTR' [-Wimplicit-function-declaration]
..\src\LCD.c: At top level:
..\src\LCD.c:34:13: warning: 'template7' defined but not used [-Wunused-variable]
..\src\LCD.c:35:13: warning: 'template3' defined but not used [-Wunused-variable]
..\src\LCD.c:878:16: warning: 'reset_to_defaults' defined but not used [-Wunused-variable]
..\src\LCD.c:1459:16: warning: 'lcdStickState' defined but not used [-Wunused-variable]
arm-atollic-eabi-gcc -c -mthumb -mcpu=cortex-m3 -std=gnu90 -DSTM32F10X_HD -DUSE_STDPERIPH_DRIVER -I../src -I../inc -I..\Libraries\STM32F10x_StdPeriph_Driver\inc -I..\Libraries\CMSIS\Device\ST\STM32F10x\Include -I..\Libraries\CMSIS\Include -O0 -ffunction-sections -fdata-sections -g -Wall -o src\delay.o ..\src\delay.c 
arm-atollic-eabi-gcc -c -mthumb -mcpu=cortex-m3 -std=gnu90 -DSTM32F10X_HD -DUSE_STDPERIPH_DRIVER -I../src -I../inc -I..\Libraries\STM32F10x_StdPeriph_Driver\inc -I..\Libraries\CMSIS\Device\ST\STM32F10x\Include -I..\Libraries\CMSIS\Include -O0 -ffunction-sections -fdata-sections -g -Wall -o src\wdg.o ..\src\wdg.c 
arm-atollic-eabi-gcc -c -mthumb -mcpu=cortex-m3 -std=gnu90 -DSTM32F10X_HD -DUSE_STDPERIPH_DRIVER -I../src -I../inc -I..\Libraries\STM32F10x_StdPeriph_Driver\inc -I..\Libraries\CMSIS\Device\ST\STM32F10x\Include -I..\Libraries\CMSIS\Include -O0 -ffunction-sections -fdata-sections -g -Wall -o src\drv_system.o ..\src\drv_system.c 
arm-atollic-eabi-gcc -c -mthumb -mcpu=cortex-m3 -std=gnu90 -DSTM32F10X_HD -DUSE_STDPERIPH_DRIVER -I../src -I../inc -I..\Libraries\STM32F10x_StdPeriph_Driver\inc -I..\Libraries\CMSIS\Device\ST\STM32F10x\Include -I..\Libraries\CMSIS\Include -O0 -ffunction-sections -fdata-sections -g -Wall -o src\drv_i2c.o ..\src\drv_i2c.c 
arm-atollic-eabi-gcc src\wdg.o src\tiny_printf.o src\system_stm32f10x.o src\syscalls.o src\startup_stm32f10x_hd.o src\main.o src\drv_uart.o src\drv_system.o src\drv_spi.o src\drv_i2c.o src\delay.o src\LCD.o Libraries\STM32F10x_StdPeriph_Driver\src\stm32f10x_wwdg.o Libraries\STM32F10x_StdPeriph_Driver\src\stm32f10x_usart.o Libraries\STM32F10x_StdPeriph_Driver\src\stm32f10x_tim.o Libraries\STM32F10x_StdPeriph_Driver\src\stm32f10x_spi.o Libraries\STM32F10x_StdPeriph_Driver\src\stm32f10x_sdio.o Libraries\STM32F10x_StdPeriph_Driver\src\stm32f10x_rtc.o Libraries\STM32F10x_StdPeriph_Driver\src\stm32f10x_rcc.o Libraries\STM32F10x_StdPeriph_Driver\src\stm32f10x_pwr.o Libraries\STM32F10x_StdPeriph_Driver\src\stm32f10x_iwdg.o Libraries\STM32F10x_StdPeriph_Driver\src\stm32f10x_i2c.o Libraries\STM32F10x_StdPeriph_Driver\src\stm32f10x_gpio.o Libraries\STM32F10x_StdPeriph_Driver\src\stm32f10x_fsmc.o Libraries\STM32F10x_StdPeriph_Driver\src\stm32f10x_flash.o Libraries\STM32F10x_StdPeriph_Driver\src\stm32f10x_exti.o Libraries\STM32F10x_StdPeriph_Driver\src\stm32f10x_dma.o Libraries\STM32F10x_StdPeriph_Driver\src\stm32f10x_dbgmcu.o Libraries\STM32F10x_StdPeriph_Driver\src\stm32f10x_dac.o Libraries\STM32F10x_StdPeriph_Driver\src\stm32f10x_crc.o Libraries\STM32F10x_StdPeriph_Driver\src\stm32f10x_cec.o Libraries\STM32F10x_StdPeriph_Driver\src\stm32f10x_can.o Libraries\STM32F10x_StdPeriph_Driver\src\stm32f10x_bkp.o Libraries\STM32F10x_StdPeriph_Driver\src\stm32f10x_adc.o Libraries\STM32F10x_StdPeriph_Driver\src\misc.o -o RoboTrack.elf -mthumb -mcpu=cortex-m3 -T..\stm32_flash.ld -Wl,--start-group -lc_s -lm -Wl,--end-group -static -Wl,-cref,-u,Reset_Handler -Wl,-Map=RoboTrack.map -Wl,--gc-sections -Wl,--defsym=malloc_getpagesize_P=0x1000 
src\LCD.o: In function `i2c_OLED_send_cmd':
E:\project\robot\source\RoboTrack_workspace\RoboTrack\Debug/..\src/LCD.c:265: undefined reference to `i2c_writeReg'
collect2.exe: error: ld returned 1 exit status
